Microsoft Windows [Version 10.0.22631.4751]
(c) Microsoft Corporation. All rights reserved.

D:\CC>touch main.py services.py models.py database.py rag.py .env requirements.txt README.md
'touch' is not recognized as an internal or external command,
operable program or batch file.

D:\CC>cd backend

D:\CC\backend>pip install touch
Collecting touch
  Downloading touch-2020.12.3.tar.gz (1.4 kB)
  Preparing metadata (setup.py) ... done
Collecting values (from touch)
  Downloading values-66.0.3.tar.gz (1.2 kB)
  Preparing metadata (setup.py) ... done
Building wheels for collected packages: touch, values
  Building wheel for touch (setup.py) ... done
  Created wheel for touch: filename=touch-2020.12.3-py3-none-any.whl size=1382 sha256=911e2300c530d9d674affa084d7d9e107b2dabd18f7f58a2682818864f8f4d05
  Stored in directory: c:\users\vaishnavi\appdata\local\pip\cache\wheels\44\d0\f4\974e4f1fa03c994632ec3be98aa41f98c5a7f908bf08a7eb0e
  Building wheel for values (setup.py) ... error
  error: subprocess-exited-with-error

  × python setup.py bdist_wheel did not run successfully.
  │ exit code: 1
  ╰─> [49 lines of output]
      C:\Users\Vaishnavi\AppData\Local\Programs\Python\Python311\Lib\site-packages\setuptools\_distutils\dist.py:261: UserWarning: Unknown distributionoption: 'readme'
        warnings.warn(msg)
      running bdist_wheel
      running build
      C:\Users\Vaishnavi\AppData\Local\Programs\Python\Python311\Lib\site-packages\setuptools\_distutils\cmd.py:66: SetuptoolsDeprecationWarning: setup.py install is deprecated.
      !!

              ********************************************************************************
              Please avoid running ``setup.py`` directly.
              Instead, use pypa/build, pypa/installer or other
              standards-based tools.

              See https://blog.ganssle.io/articles/2021/10/setup-py-deprecated.html for details.
              ********************************************************************************

      !!
        self.initialize_options()
      installing to build\bdist.win-amd64\wheel
      running install
      Traceback (most recent call last):
        File "<string>", line 2, in <module>
        File "<pip-setuptools-caller>", line 34, in <module>
        File "C:\Users\Vaishnavi\AppData\Local\Temp\pip-install-ooo5cxl_\values_8c8444de32ed4a5c8f2fddd8b116a2e3\setup.py", line 10, in <module>
          setup(
        File "C:\Users\Vaishnavi\AppData\Local\Programs\Python\Python311\Lib\site-packages\setuptools\__init__.py", line 117, in setup
          return distutils.core.setup(**attrs)
                 ^^^^^^^^^^^^^^^^^^^^^^^^^^^^^
        File "C:\Users\Vaishnavi\AppData\Local\Programs\Python\Python311\Lib\site-packages\setuptools\_distutils\core.py", line 183, in setup
          return run_commands(dist)
                 ^^^^^^^^^^^^^^^^^^
        File "C:\Users\Vaishnavi\AppData\Local\Programs\Python\Python311\Lib\site-packages\setuptools\_distutils\core.py", line 199, in run_commands
          dist.run_commands()
        File "C:\Users\Vaishnavi\AppData\Local\Programs\Python\Python311\Lib\site-packages\setuptools\_distutils\dist.py", line 954, in run_commands
          self.run_command(cmd)
        File "C:\Users\Vaishnavi\AppData\Local\Programs\Python\Python311\Lib\site-packages\setuptools\dist.py", line 950, in run_command
          super().run_command(command)
        File "C:\Users\Vaishnavi\AppData\Local\Programs\Python\Python311\Lib\site-packages\setuptools\_distutils\dist.py", line 973, in run_command
          cmd_obj.run()
        File "C:\Users\Vaishnavi\AppData\Local\Programs\Python\Python311\Lib\site-packages\setuptools\command\bdist_wheel.py", line 433, in run
          self.run_command("install")
        File "C:\Users\Vaishnavi\AppData\Local\Programs\Python\Python311\Lib\site-packages\setuptools\_distutils\cmd.py", line 316, in run_command
          self.distribution.run_command(command)
        File "C:\Users\Vaishnavi\AppData\Local\Programs\Python\Python311\Lib\site-packages\setuptools\dist.py", line 950, in run_command
          super().run_command(command)
        File "C:\Users\Vaishnavi\AppData\Local\Programs\Python\Python311\Lib\site-packages\setuptools\_distutils\dist.py", line 973, in run_command
          cmd_obj.run()
        File "C:\Users\Vaishnavi\AppData\Local\Temp\pip-install-ooo5cxl_\values_8c8444de32ed4a5c8f2fddd8b116a2e3\setup.py", line 7, in run
          raise RuntimeError("You are trying to install a stub package values. Maybe you are using the wrong pypi? See https://nda.ya.ru/t/GljGihbC5zAGGz for details")
      RuntimeError: You are trying to install a stub package values. Maybe you are using the wrong pypi? See https://nda.ya.ru/t/GljGihbC5zAGGz for details
      [end of output]

  note: This error originates from a subprocess, and is likely not a problem with pip.
  ERROR: Failed building wheel for values
  Running setup.py clean for values
Successfully built touch
Failed to build values

[notice] A new release of pip is available: 24.2 -> 25.0.1
[notice] To update, run: C:\Users\Vaishnavi\AppData\Local\Programs\Python\Python311\python.exe -m pip install --upgrade pip
ERROR: ERROR: Failed to build installable wheels for some pyproject.toml based projects (values)

D:\CC\backend>echo.>main.py

D:\CC\backend>echo.>services.py

D:\CC\backend>echo.>models.py

D:\CC\backend>echo.>database.py

D:\CC\backend>echo.>rag.py

D:\CC\backend>.env
'.env' is not recognized as an internal or external command,
operable program or batch file.

D:\CC\backend>requirements.txt
'requirements.txt' is not recognized as an internal or external command,
operable program or batch file.

D:\CC\backend>echo.>.env

D:\CC\backend>echo.>requirements.txt

D:\CC\backend>echo.>README.md

D:\CC\backend>mkdir data

D:\CC\backend>dir
 Volume in drive D is DATA
 Volume Serial Number is DC90-4228

 Directory of D:\CC\backend

14-02-2025  15:10    <DIR>          .
14-02-2025  14:48    <DIR>          ..
14-02-2025  15:09                 2 .env
14-02-2025  15:10    <DIR>          data
14-02-2025  15:08                 2 database.py
14-02-2025  15:07                 2 main.py
14-02-2025  15:08                 2 models.py
14-02-2025  15:09                 2 rag.py
14-02-2025  15:10                 2 README.md
14-02-2025  15:10                 2 requirements.txt
14-02-2025  15:08                 2 services.py
               8 File(s)             16 bytes
               3 Dir(s)  330,438,524,928 bytes free

D:\CC\backend>pip install fastapi uvicorn openai sentence-transformers faiss-cpu python-dotenv
Collecting fastapi
  Downloading fastapi-0.115.8-py3-none-any.whl.metadata (27 kB)
Collecting uvicorn
  Downloading uvicorn-0.34.0-py3-none-any.whl.metadata (6.5 kB)
Collecting openai
  Downloading openai-1.63.0-py3-none-any.whl.metadata (27 kB)
Collecting sentence-transformers
  Downloading sentence_transformers-3.4.1-py3-none-any.whl.metadata (10 kB)
Collecting faiss-cpu
  Downloading faiss_cpu-1.10.0-cp311-cp311-win_amd64.whl.metadata (4.5 kB)
Collecting python-dotenv
  Downloading python_dotenv-1.0.1-py3-none-any.whl.metadata (23 kB)
Collecting starlette<0.46.0,>=0.40.0 (from fastapi)
  Downloading starlette-0.45.3-py3-none-any.whl.metadata (6.3 kB)
Collecting pydantic!=1.8,!=1.8.1,!=2.0.0,!=2.0.1,!=2.1.0,<3.0.0,>=1.7.4 (from fastapi)
  Downloading pydantic-2.10.6-py3-none-any.whl.metadata (30 kB)
Requirement already satisfied: typing-extensions>=4.8.0 in c:\users\vaishnavi\appdata\local\programs\python\python311\lib\site-packages (from fastapi) (4.12.2)
Requirement already satisfied: click>=7.0 in c:\users\vaishnavi\appdata\local\programs\python\python311\lib\site-packages (from uvicorn) (8.1.7)
Requirement already satisfied: h11>=0.8 in c:\users\vaishnavi\appdata\local\programs\python\python311\lib\site-packages (from uvicorn) (0.14.0)
Requirement already satisfied: anyio<5,>=3.5.0 in c:\users\vaishnavi\appdata\local\programs\python\python311\lib\site-packages (from openai) (3.6.2)
Collecting distro<2,>=1.7.0 (from openai)
  Downloading distro-1.9.0-py3-none-any.whl.metadata (6.8 kB)
Collecting httpx<1,>=0.23.0 (from openai)
  Downloading httpx-0.28.1-py3-none-any.whl.metadata (7.1 kB)
Collecting jiter<1,>=0.4.0 (from openai)
  Downloading jiter-0.8.2-cp311-cp311-win_amd64.whl.metadata (5.3 kB)
Requirement already satisfied: sniffio in c:\users\vaishnavi\appdata\local\programs\python\python311\lib\site-packages (from openai) (1.3.0)
Requirement already satisfied: tqdm>4 in c:\users\vaishnavi\appdata\local\programs\python\python311\lib\site-packages (from openai) (4.66.5)
Collecting transformers<5.0.0,>=4.41.0 (from sentence-transformers)
  Downloading transformers-4.48.3-py3-none-any.whl.metadata (44 kB)
Requirement already satisfied: torch>=1.11.0 in c:\users\vaishnavi\appdata\local\programs\python\python311\lib\site-packages (from sentence-transformers) (2.5.1)
Requirement already satisfied: scikit-learn in c:\users\vaishnavi\appdata\local\programs\python\python311\lib\site-packages (from sentence-transformers) (1.2.2)
Requirement already satisfied: scipy in c:\users\vaishnavi\appdata\local\programs\python\python311\lib\site-packages (from sentence-transformers) (1.10.1)
Collecting huggingface-hub>=0.20.0 (from sentence-transformers)
  Downloading huggingface_hub-0.28.1-py3-none-any.whl.metadata (13 kB)
Requirement already satisfied: Pillow in c:\users\vaishnavi\appdata\local\programs\python\python311\lib\site-packages (from sentence-transformers) (10.4.0)
Requirement already satisfied: numpy<3.0,>=1.25.0 in c:\users\vaishnavi\appdata\local\programs\python\python311\lib\site-packages (from faiss-cpu) (1.26.4)
Requirement already satisfied: packaging in c:\users\vaishnavi\appdata\roaming\python\python311\site-packages (from faiss-cpu) (23.2)
Requirement already satisfied: idna>=2.8 in c:\users\vaishnavi\appdata\local\programs\python\python311\lib\site-packages (from anyio<5,>=3.5.0->openai)(3.10)
Requirement already satisfied: colorama in c:\users\vaishnavi\appdata\local\programs\python\python311\lib\site-packages (from click>=7.0->uvicorn) (0.4.6)
Requirement already satisfied: certifi in c:\users\vaishnavi\appdata\local\programs\python\python311\lib\site-packages (from httpx<1,>=0.23.0->openai) (2024.8.30)
Collecting httpcore==1.* (from httpx<1,>=0.23.0->openai)
  Downloading httpcore-1.0.7-py3-none-any.whl.metadata (21 kB)
Requirement already satisfied: filelock in c:\users\vaishnavi\appdata\local\programs\python\python311\lib\site-packages (from huggingface-hub>=0.20.0->sentence-transformers) (3.16.1)
Requirement already satisfied: fsspec>=2023.5.0 in c:\users\vaishnavi\appdata\local\programs\python\python311\lib\site-packages (from huggingface-hub>=0.20.0->sentence-transformers) (2024.10.0)
Requirement already satisfied: pyyaml>=5.1 in c:\users\vaishnavi\appdata\local\programs\python\python311\lib\site-packages (from huggingface-hub>=0.20.0->sentence-transformers) (6.0)
Requirement already satisfied: requests in c:\users\vaishnavi\appdata\local\programs\python\python311\lib\site-packages (from huggingface-hub>=0.20.0->sentence-transformers) (2.32.3)
Collecting annotated-types>=0.6.0 (from pydantic!=1.8,!=1.8.1,!=2.0.0,!=2.0.1,!=2.1.0,<3.0.0,>=1.7.4->fastapi)
  Downloading annotated_types-0.7.0-py3-none-any.whl.metadata (15 kB)
Collecting pydantic-core==2.27.2 (from pydantic!=1.8,!=1.8.1,!=2.0.0,!=2.0.1,!=2.1.0,<3.0.0,>=1.7.4->fastapi)
  Downloading pydantic_core-2.27.2-cp311-cp311-win_amd64.whl.metadata (6.7 kB)
Requirement already satisfied: networkx in c:\users\vaishnavi\appdata\local\programs\python\python311\lib\site-packages (from torch>=1.11.0->sentence-transformers) (3.3)
Requirement already satisfied: jinja2 in c:\users\vaishnavi\appdata\local\programs\python\python311\lib\site-packages (from torch>=1.11.0->sentence-transformers) (3.1.2)
Requirement already satisfied: sympy==1.13.1 in c:\users\vaishnavi\appdata\local\programs\python\python311\lib\site-packages (from torch>=1.11.0->sentence-transformers) (1.13.1)
Requirement already satisfied: mpmath<1.4,>=1.1.0 in c:\users\vaishnavi\appdata\local\programs\python\python311\lib\site-packages (from sympy==1.13.1->torch>=1.11.0->sentence-transformers) (1.3.0)
Collecting regex!=2019.12.17 (from transformers<5.0.0,>=4.41.0->sentence-transformers)
  Downloading regex-2024.11.6-cp311-cp311-win_amd64.whl.metadata (41 kB)
Collecting tokenizers<0.22,>=0.21 (from transformers<5.0.0,>=4.41.0->sentence-transformers)
  Downloading tokenizers-0.21.0-cp39-abi3-win_amd64.whl.metadata (6.9 kB)
Collecting safetensors>=0.4.1 (from transformers<5.0.0,>=4.41.0->sentence-transformers)
  Downloading safetensors-0.5.2-cp38-abi3-win_amd64.whl.metadata (3.9 kB)
Requirement already satisfied: joblib>=1.1.1 in c:\users\vaishnavi\appdata\local\programs\python\python311\lib\site-packages (from scikit-learn->sentence-transformers) (1.2.0)
Requirement already satisfied: threadpoolctl>=2.0.0 in c:\users\vaishnavi\appdata\local\programs\python\python311\lib\site-packages (from scikit-learn->sentence-transformers) (3.1.0)
Requirement already satisfied: MarkupSafe>=2.0 in c:\users\vaishnavi\appdata\local\programs\python\python311\lib\site-packages (from jinja2->torch>=1.11.0->sentence-transformers) (2.1.5)
Requirement already satisfied: charset-normalizer<4,>=2 in c:\users\vaishnavi\appdata\local\programs\python\python311\lib\site-packages (from requests->huggingface-hub>=0.20.0->sentence-transformers) (3.3.2)
Requirement already satisfied: urllib3<3,>=1.21.1 in c:\users\vaishnavi\appdata\local\programs\python\python311\lib\site-packages (from requests->huggingface-hub>=0.20.0->sentence-transformers) (1.26.20)
Downloading fastapi-0.115.8-py3-none-any.whl (94 kB)
Downloading uvicorn-0.34.0-py3-none-any.whl (62 kB)
Downloading openai-1.63.0-py3-none-any.whl (472 kB)
Downloading sentence_transformers-3.4.1-py3-none-any.whl (275 kB)
Downloading faiss_cpu-1.10.0-cp311-cp311-win_amd64.whl (13.7 MB)
   ━━━━━━━━━━━━━━━━━━━━━━━━━━━━━━━━━━━━━━━ 13.7/13.7 MB 2.1 MB/s eta 0:00:00
Downloading python_dotenv-1.0.1-py3-none-any.whl (19 kB)
Downloading distro-1.9.0-py3-none-any.whl (20 kB)
Downloading httpx-0.28.1-py3-none-any.whl (73 kB)
Downloading httpcore-1.0.7-py3-none-any.whl (78 kB)
Downloading huggingface_hub-0.28.1-py3-none-any.whl (464 kB)
Downloading jiter-0.8.2-cp311-cp311-win_amd64.whl (206 kB)
Downloading pydantic-2.10.6-py3-none-any.whl (431 kB)
Downloading pydantic_core-2.27.2-cp311-cp311-win_amd64.whl (2.0 MB)
   ━━━━━━━━━━━━━━━━━━━━━━━━━━━━━━━━━━━━━━━━ 2.0/2.0 MB 3.3 MB/s eta 0:00:00
Downloading starlette-0.45.3-py3-none-any.whl (71 kB)
Downloading transformers-4.48.3-py3-none-any.whl (9.7 MB)
   ━━━━━━━━━━━━━━━━━━━━━━━━━━━━━━━━━━━━━━━━ 9.7/9.7 MB 2.9 MB/s eta 0:00:00
Downloading annotated_types-0.7.0-py3-none-any.whl (13 kB)
Downloading regex-2024.11.6-cp311-cp311-win_amd64.whl (274 kB)
Downloading safetensors-0.5.2-cp38-abi3-win_amd64.whl (303 kB)
Downloading tokenizers-0.21.0-cp39-abi3-win_amd64.whl (2.4 MB)
   ━━━━━━━━━━━━━━━━━━━━━━━━━━━━━━━━━━━━━━━━ 2.4/2.4 MB 3.1 MB/s eta 0:00:00
Installing collected packages: safetensors, regex, python-dotenv, pydantic-core, jiter, httpcore, faiss-cpu, distro, annotated-types, uvicorn, starlette, pydantic, huggingface-hub, httpx, tokenizers, openai, fastapi, transformers, sentence-transformers
Successfully installed annotated-types-0.7.0 distro-1.9.0 faiss-cpu-1.10.0 fastapi-0.115.8 httpcore-1.0.7 httpx-0.28.1 huggingface-hub-0.28.1 jiter-0.8.2 openai-1.63.0 pydantic-2.10.6 pydantic-core-2.27.2 python-dotenv-1.0.1 regex-2024.11.6 safetensors-0.5.2 sentence-transformers-3.4.1 starlette-0.45.3tokenizers-0.21.0 transformers-4.48.3 uvicorn-0.34.0

[notice] A new release of pip is available: 24.2 -> 25.0.1
[notice] To update, run: C:\Users\Vaishnavi\AppData\Local\Programs\Python\Python311\python.exe -m pip install --upgrade pip

D:\CC\backend>pip freeze> requirements.txt

D:\CC\backend>notepad .env

D:\CC\backend>uvicorn main:app --reload
INFO:     Will watch for changes in these directories: ['D:\\CC\\backend']
INFO:     Uvicorn running on http://127.0.0.1:8000 (Press CTRL+C to quit)
INFO:     Started reloader process [13548] using StatReload
Form data requires "python-multipart" to be installed.
You can install "python-multipart" with:

pip install python-multipart

Process SpawnProcess-1:
Traceback (most recent call last):
  File "C:\Users\Vaishnavi\AppData\Local\Programs\Python\Python311\Lib\multiprocessing\process.py", line 314, in _bootstrap
    self.run()
  File "C:\Users\Vaishnavi\AppData\Local\Programs\Python\Python311\Lib\multiprocessing\process.py", line 108, in run
    self._target(*self._args, **self._kwargs)
  File "C:\Users\Vaishnavi\AppData\Local\Programs\Python\Python311\Lib\site-packages\uvicorn\_subprocess.py", line 80, in subprocess_started
    target(sockets=sockets)
  File "C:\Users\Vaishnavi\AppData\Local\Programs\Python\Python311\Lib\site-packages\uvicorn\server.py", line 66, in run
    return asyncio.run(self.serve(sockets=sockets))
           ^^^^^^^^^^^^^^^^^^^^^^^^^^^^^^^^^^^^^^^^
  File "C:\Users\Vaishnavi\AppData\Local\Programs\Python\Python311\Lib\asyncio\runners.py", line 190, in run
    return runner.run(main)
           ^^^^^^^^^^^^^^^^
  File "C:\Users\Vaishnavi\AppData\Local\Programs\Python\Python311\Lib\asyncio\runners.py", line 118, in run
    return self._loop.run_until_complete(task)
           ^^^^^^^^^^^^^^^^^^^^^^^^^^^^^^^^^^^
  File "C:\Users\Vaishnavi\AppData\Local\Programs\Python\Python311\Lib\asyncio\base_events.py", line 653, in run_until_complete
    return future.result()
           ^^^^^^^^^^^^^^^
  File "C:\Users\Vaishnavi\AppData\Local\Programs\Python\Python311\Lib\site-packages\uvicorn\server.py", line 70, in serve
    await self._serve(sockets)
  File "C:\Users\Vaishnavi\AppData\Local\Programs\Python\Python311\Lib\site-packages\uvicorn\server.py", line 77, in _serve
    config.load()
  File "C:\Users\Vaishnavi\AppData\Local\Programs\Python\Python311\Lib\site-packages\uvicorn\config.py", line 435, in load
    self.loaded_app = import_from_string(self.app)
                      ^^^^^^^^^^^^^^^^^^^^^^^^^^^^
  File "C:\Users\Vaishnavi\AppData\Local\Programs\Python\Python311\Lib\site-packages\uvicorn\importer.py", line 19, in import_from_string
    module = importlib.import_module(module_str)
             ^^^^^^^^^^^^^^^^^^^^^^^^^^^^^^^^^^^
  File "C:\Users\Vaishnavi\AppData\Local\Programs\Python\Python311\Lib\importlib\__init__.py", line 126, in import_module
    return _bootstrap._gcd_import(name[level:], package, level)
           ^^^^^^^^^^^^^^^^^^^^^^^^^^^^^^^^^^^^^^^^^^^^^^^^^^^^
  File "<frozen importlib._bootstrap>", line 1206, in _gcd_import
  File "<frozen importlib._bootstrap>", line 1178, in _find_and_load
  File "<frozen importlib._bootstrap>", line 1149, in _find_and_load_unlocked
  File "<frozen importlib._bootstrap>", line 690, in _load_unlocked
  File "<frozen importlib._bootstrap_external>", line 940, in exec_module
  File "<frozen importlib._bootstrap>", line 241, in _call_with_frames_removed
  File "D:\CC\backend\main.py", line 10, in <module>
    @app.post("/upload/")
     ^^^^^^^^^^^^^^^^^^^^
  File "C:\Users\Vaishnavi\AppData\Local\Programs\Python\Python311\Lib\site-packages\fastapi\routing.py", line 994, in decorator
    self.add_api_route(
  File "C:\Users\Vaishnavi\AppData\Local\Programs\Python\Python311\Lib\site-packages\fastapi\routing.py", line 933, in add_api_route
    route = route_class(
            ^^^^^^^^^^^^
  File "C:\Users\Vaishnavi\AppData\Local\Programs\Python\Python311\Lib\site-packages\fastapi\routing.py", line 554, in __init__
    self.dependant = get_dependant(path=self.path_format, call=self.endpoint)
                     ^^^^^^^^^^^^^^^^^^^^^^^^^^^^^^^^^^^^^^^^^^^^^^^^^^^^^^^^
  File "C:\Users\Vaishnavi\AppData\Local\Programs\Python\Python311\Lib\site-packages\fastapi\dependencies\utils.py", line 285, in get_dependant
    param_details = analyze_param(
                    ^^^^^^^^^^^^^^
  File "C:\Users\Vaishnavi\AppData\Local\Programs\Python\Python311\Lib\site-packages\fastapi\dependencies\utils.py", line 482, in analyze_param
    ensure_multipart_is_installed()
  File "C:\Users\Vaishnavi\AppData\Local\Programs\Python\Python311\Lib\site-packages\fastapi\dependencies\utils.py", line 115, in ensure_multipart_is_installed
    raise RuntimeError(multipart_not_installed_error) from None
RuntimeError: Form data requires "python-multipart" to be installed.
You can install "python-multipart" with:

pip install python-multipart

INFO:     Stopping reloader process [13548]

D:\CC\backend>
D:\CC\backend>
D:\CC\backend>pip install python-multipart
Collecting python-multipart
  Downloading python_multipart-0.0.20-py3-none-any.whl.metadata (1.8 kB)
Downloading python_multipart-0.0.20-py3-none-any.whl (24 kB)
Installing collected packages: python-multipart
Successfully installed python-multipart-0.0.20

[notice] A new release of pip is available: 24.2 -> 25.0.1
[notice] To update, run: C:\Users\Vaishnavi\AppData\Local\Programs\Python\Python311\python.exe -m pip install --upgrade pip

D:\CC\backend>uvicorn main:app --reload
INFO:     Will watch for changes in these directories: ['D:\\CC\\backend']
INFO:     Uvicorn running on http://127.0.0.1:8000 (Press CTRL+C to quit)
INFO:     Started reloader process [5568] using StatReload
INFO:     Started server process [15592]
INFO:     Waiting for application startup.
INFO:     Application startup complete.
INFO:     Shutting down
INFO:     Waiting for application shutdown.
INFO:     Application shutdown complete.
INFO:     Finished server process [15592]
INFO:     Stopping reloader process [5568]

D:\CC\backend>curl -X 'POST' 'http://127.0.0.1:8000/upload/' -F 'file=@D:\CC
\sample_report.txt'
curl: (26) Failed to open/read local data from file/application

D:\CC\backend>curl -X 'POST' 'http://127.0.0.1:8000/upload/' -F 'file=@D:/CC
/sample_report.txt'
curl: (26) Failed to open/read local data from file/application

D:\CC\backend>curl -X POST "http://127.0.0.1:8000/upload/" -F file="@D:\CC\sample_report.txt"
curl: (7) Failed to connect to 127.0.0.1 port 8000 after 2026 ms: Could notconnect to server

D:\CC\backend>netstat -ano | findstr :8000

D:\CC\backend>uvicorn main:app --reload
INFO:     Will watch for changes in these directories: ['D:\\CC\\backend']
INFO:     Uvicorn running on http://127.0.0.1:8000 (Press CTRL+C to quit)
INFO:     Started reloader process [10456] using StatReload
INFO:     Started server process [19848]
INFO:     Waiting for application startup.
INFO:     Application startup complete.
INFO:     127.0.0.1:54357 - "POST /upload/ HTTP/1.1" 400 Bad Request
INFO:     127.0.0.1:54359 - "POST /upload/ HTTP/1.1" 200 OK
INFO:     127.0.0.1:54480 - "GET /reports/ HTTP/1.1" 200 OK
INFO:     127.0.0.1:54497 - "POST /query/ HTTP/1.1" 422 Unprocessable Entity
INFO:     127.0.0.1:54525 - "POST /query/ HTTP/1.1" 422 Unprocessable Entity
INFO:     127.0.0.1:54548 - "POST /query/ HTTP/1.1" 422 Unprocessable Entity
INFO:     127.0.0.1:54751 - "POST /upload/ HTTP/1.1" 422 Unprocessable Entity
INFO:     127.0.0.1:54784 - "POST /upload/ HTTP/1.1" 422 Unprocessable Entity
INFO:     127.0.0.1:54790 - "POST /upload/ HTTP/1.1" 200 OK
INFO:     127.0.0.1:54833 - "POST /upload/ HTTP/1.1" 200 OK
WARNING:  StatReload detected changes in 'main.py'. Reloading...
INFO:     127.0.0.1:54854 - "POST /upload/ HTTP/1.1" 200 OK
INFO:     Shutting down
INFO:     Waiting for application shutdown.
INFO:     Application shutdown complete.
INFO:     Finished server process [19848]
INFO:     Started server process [748]
INFO:     Waiting for application startup.
INFO:     Application startup complete.
INFO:     127.0.0.1:54865 - "POST /upload/ HTTP/1.1" 200 OK
INFO:     127.0.0.1:54903 - "GET /reports/ HTTP/1.1" 200 OK
INFO:     127.0.0.1:54912 - "POST /query/ HTTP/1.1" 422 Unprocessable Entity
INFO:     127.0.0.1:54948 - "POST /upload/ HTTP/1.1" 422 Unprocessable Entity
INFO:     127.0.0.1:54956 - "POST /query/ HTTP/1.1" 422 Unprocessable Entity
INFO:     127.0.0.1:54990 - "POST /query/ HTTP/1.1" 422 Unprocessable Entity
INFO:     127.0.0.1:55011 - "POST /query/ HTTP/1.1" 422 Unprocessable Entity
WARNING:  StatReload detected changes in 'main.py'. Reloading...
INFO:     127.0.0.1:58928 - "POST /query/ HTTP/1.1" 422 Unprocessable Entity
INFO:     Shutting down
INFO:     Waiting for application shutdown.
INFO:     Application shutdown complete.
INFO:     Finished server process [748]
Process SpawnProcess-3:
Traceback (most recent call last):
  File "C:\Users\Vaishnavi\AppData\Local\Programs\Python\Python311\Lib\multiprocessing\process.py", line 314, in _bootstrap
    self.run()
  File "C:\Users\Vaishnavi\AppData\Local\Programs\Python\Python311\Lib\multiprocessing\process.py", line 108, in run
    self._target(*self._args, **self._kwargs)
  File "C:\Users\Vaishnavi\AppData\Local\Programs\Python\Python311\Lib\site-packages\uvicorn\_subprocess.py", line 80, in subprocess_started
    target(sockets=sockets)
  File "C:\Users\Vaishnavi\AppData\Local\Programs\Python\Python311\Lib\site-packages\uvicorn\server.py", line 66, in run
    return asyncio.run(self.serve(sockets=sockets))
           ^^^^^^^^^^^^^^^^^^^^^^^^^^^^^^^^^^^^^^^^
  File "C:\Users\Vaishnavi\AppData\Local\Programs\Python\Python311\Lib\asyncio\runners.py", line 190, in run
    return runner.run(main)
           ^^^^^^^^^^^^^^^^
  File "C:\Users\Vaishnavi\AppData\Local\Programs\Python\Python311\Lib\asyncio\runners.py", line 118, in run
    return self._loop.run_until_complete(task)
           ^^^^^^^^^^^^^^^^^^^^^^^^^^^^^^^^^^^
  File "C:\Users\Vaishnavi\AppData\Local\Programs\Python\Python311\Lib\asyncio\base_events.py", line 653, in run_until_complete
    return future.result()
           ^^^^^^^^^^^^^^^
  File "C:\Users\Vaishnavi\AppData\Local\Programs\Python\Python311\Lib\site-packages\uvicorn\server.py", line 70, in serve
    await self._serve(sockets)
  File "C:\Users\Vaishnavi\AppData\Local\Programs\Python\Python311\Lib\site-packages\uvicorn\server.py", line 77, in _serve
    config.load()
  File "C:\Users\Vaishnavi\AppData\Local\Programs\Python\Python311\Lib\site-packages\uvicorn\config.py", line 435, in load
    self.loaded_app = import_from_string(self.app)
                      ^^^^^^^^^^^^^^^^^^^^^^^^^^^^
  File "C:\Users\Vaishnavi\AppData\Local\Programs\Python\Python311\Lib\site-packages\uvicorn\importer.py", line 19, in import_from_string
    module = importlib.import_module(module_str)
             ^^^^^^^^^^^^^^^^^^^^^^^^^^^^^^^^^^^
  File "C:\Users\Vaishnavi\AppData\Local\Programs\Python\Python311\Lib\importlib\__init__.py", line 126, in import_module
    return _bootstrap._gcd_import(name[level:], package, level)
           ^^^^^^^^^^^^^^^^^^^^^^^^^^^^^^^^^^^^^^^^^^^^^^^^^^^^
  File "<frozen importlib._bootstrap>", line 1206, in _gcd_import
  File "<frozen importlib._bootstrap>", line 1178, in _find_and_load
  File "<frozen importlib._bootstrap>", line 1149, in _find_and_load_unlocked
  File "<frozen importlib._bootstrap>", line 690, in _load_unlocked
  File "<frozen importlib._bootstrap_external>", line 940, in exec_module
  File "<frozen importlib._bootstrap>", line 241, in _call_with_frames_removed
  File "D:\CC\backend\main.py", line 43, in <module>
    def query_report(request: QueryRequest):
                              ^^^^^^^^^^^^
NameError: name 'QueryRequest' is not defined
WARNING:  StatReload detected changes in 'models.py'. Reloading...
Process SpawnProcess-4:
Traceback (most recent call last):
  File "C:\Users\Vaishnavi\AppData\Local\Programs\Python\Python311\Lib\multiprocessing\process.py", line 314, in _bootstrap
    self.run()
  File "C:\Users\Vaishnavi\AppData\Local\Programs\Python\Python311\Lib\multiprocessing\process.py", line 108, in run
    self._target(*self._args, **self._kwargs)
  File "C:\Users\Vaishnavi\AppData\Local\Programs\Python\Python311\Lib\site-packages\uvicorn\_subprocess.py", line 80, in subprocess_started
    target(sockets=sockets)
  File "C:\Users\Vaishnavi\AppData\Local\Programs\Python\Python311\Lib\site-packages\uvicorn\server.py", line 66, in run
    return asyncio.run(self.serve(sockets=sockets))
           ^^^^^^^^^^^^^^^^^^^^^^^^^^^^^^^^^^^^^^^^
  File "C:\Users\Vaishnavi\AppData\Local\Programs\Python\Python311\Lib\asyncio\runners.py", line 190, in run
    return runner.run(main)
           ^^^^^^^^^^^^^^^^
  File "C:\Users\Vaishnavi\AppData\Local\Programs\Python\Python311\Lib\asyncio\runners.py", line 118, in run
    return self._loop.run_until_complete(task)
           ^^^^^^^^^^^^^^^^^^^^^^^^^^^^^^^^^^^
  File "C:\Users\Vaishnavi\AppData\Local\Programs\Python\Python311\Lib\asyncio\base_events.py", line 653, in run_until_complete
    return future.result()
           ^^^^^^^^^^^^^^^
  File "C:\Users\Vaishnavi\AppData\Local\Programs\Python\Python311\Lib\site-packages\uvicorn\server.py", line 70, in serve
    await self._serve(sockets)
  File "C:\Users\Vaishnavi\AppData\Local\Programs\Python\Python311\Lib\site-packages\uvicorn\server.py", line 77, in _serve
    config.load()
  File "C:\Users\Vaishnavi\AppData\Local\Programs\Python\Python311\Lib\site-packages\uvicorn\config.py", line 435, in load
    self.loaded_app = import_from_string(self.app)
                      ^^^^^^^^^^^^^^^^^^^^^^^^^^^^
  File "C:\Users\Vaishnavi\AppData\Local\Programs\Python\Python311\Lib\site-packages\uvicorn\importer.py", line 19, in import_from_string
    module = importlib.import_module(module_str)
             ^^^^^^^^^^^^^^^^^^^^^^^^^^^^^^^^^^^
  File "C:\Users\Vaishnavi\AppData\Local\Programs\Python\Python311\Lib\importlib\__init__.py", line 126, in import_module
    return _bootstrap._gcd_import(name[level:], package, level)
           ^^^^^^^^^^^^^^^^^^^^^^^^^^^^^^^^^^^^^^^^^^^^^^^^^^^^
  File "<frozen importlib._bootstrap>", line 1206, in _gcd_import
  File "<frozen importlib._bootstrap>", line 1178, in _find_and_load
  File "<frozen importlib._bootstrap>", line 1149, in _find_and_load_unlocked
  File "<frozen importlib._bootstrap>", line 690, in _load_unlocked
  File "<frozen importlib._bootstrap_external>", line 940, in exec_module
  File "<frozen importlib._bootstrap>", line 241, in _call_with_frames_removed
  File "D:\CC\backend\main.py", line 43, in <module>
    def query_report(request: QueryRequest):
                              ^^^^^^^^^^^^
NameError: name 'QueryRequest' is not defined
INFO:     Stopping reloader process [10456]

D:\CC\backend>uvicorn main:app --reload
INFO:     Will watch for changes in these directories: ['D:\\CC\\backend']
INFO:     Uvicorn running on http://127.0.0.1:8000 (Press CTRL+C to quit)
INFO:     Started reloader process [5884] using StatReload
Process SpawnProcess-1:
Traceback (most recent call last):
  File "C:\Users\Vaishnavi\AppData\Local\Programs\Python\Python311\Lib\multiprocessing\process.py", line 314, in _bootstrap
    self.run()
  File "C:\Users\Vaishnavi\AppData\Local\Programs\Python\Python311\Lib\multiprocessing\process.py", line 108, in run
    self._target(*self._args, **self._kwargs)
  File "C:\Users\Vaishnavi\AppData\Local\Programs\Python\Python311\Lib\site-packages\uvicorn\_subprocess.py", line 80, in subprocess_started
    target(sockets=sockets)
  File "C:\Users\Vaishnavi\AppData\Local\Programs\Python\Python311\Lib\site-packages\uvicorn\server.py", line 66, in run
    return asyncio.run(self.serve(sockets=sockets))
           ^^^^^^^^^^^^^^^^^^^^^^^^^^^^^^^^^^^^^^^^
  File "C:\Users\Vaishnavi\AppData\Local\Programs\Python\Python311\Lib\asyncio\runners.py", line 190, in run
    return runner.run(main)
           ^^^^^^^^^^^^^^^^
  File "C:\Users\Vaishnavi\AppData\Local\Programs\Python\Python311\Lib\asyncio\runners.py", line 118, in run
    return self._loop.run_until_complete(task)
           ^^^^^^^^^^^^^^^^^^^^^^^^^^^^^^^^^^^
  File "C:\Users\Vaishnavi\AppData\Local\Programs\Python\Python311\Lib\asyncio\base_events.py", line 653, in run_until_complete
    return future.result()
           ^^^^^^^^^^^^^^^
  File "C:\Users\Vaishnavi\AppData\Local\Programs\Python\Python311\Lib\site-packages\uvicorn\server.py", line 70, in serve
    await self._serve(sockets)
  File "C:\Users\Vaishnavi\AppData\Local\Programs\Python\Python311\Lib\site-packages\uvicorn\server.py", line 77, in _serve
    config.load()
  File "C:\Users\Vaishnavi\AppData\Local\Programs\Python\Python311\Lib\site-packages\uvicorn\config.py", line 435, in load
    self.loaded_app = import_from_string(self.app)
                      ^^^^^^^^^^^^^^^^^^^^^^^^^^^^
  File "C:\Users\Vaishnavi\AppData\Local\Programs\Python\Python311\Lib\site-packages\uvicorn\importer.py", line 19, in import_from_string
    module = importlib.import_module(module_str)
             ^^^^^^^^^^^^^^^^^^^^^^^^^^^^^^^^^^^
  File "C:\Users\Vaishnavi\AppData\Local\Programs\Python\Python311\Lib\importlib\__init__.py", line 126, in import_module
    return _bootstrap._gcd_import(name[level:], package, level)
           ^^^^^^^^^^^^^^^^^^^^^^^^^^^^^^^^^^^^^^^^^^^^^^^^^^^^
  File "<frozen importlib._bootstrap>", line 1206, in _gcd_import
  File "<frozen importlib._bootstrap>", line 1178, in _find_and_load
  File "<frozen importlib._bootstrap>", line 1149, in _find_and_load_unlocked
  File "<frozen importlib._bootstrap>", line 690, in _load_unlocked
  File "<frozen importlib._bootstrap_external>", line 940, in exec_module
  File "<frozen importlib._bootstrap>", line 241, in _call_with_frames_removed
  File "D:\CC\backend\main.py", line 43, in <module>
    def query_report(request: QueryRequest):
                              ^^^^^^^^^^^^
NameError: name 'QueryRequest' is not defined
WARNING:  StatReload detected changes in 'main.py'. Reloading...
INFO:     Started server process [4508]
INFO:     Waiting for application startup.
INFO:     Application startup complete.
INFO:     Shutting down
INFO:     Waiting for application shutdown.
INFO:     Application shutdown complete.
INFO:     Finished server process [4508]
INFO:     Stopping reloader process [5884]

D:\CC\backend>^X

D:\CC\backend>uvicorn main:app --reload
INFO:     Will watch for changes in these directories: ['D:\\CC\\backend']
INFO:     Uvicorn running on http://127.0.0.1:8000 (Press CTRL+C to quit)
INFO:     Started reloader process [15828] using StatReload
INFO:     Started server process [748]
INFO:     Waiting for application startup.
INFO:     Application startup complete.
INFO:     127.0.0.1:59001 - "POST /query/ HTTP/1.1" 404 Not Found
INFO:     127.0.0.1:59010 - "POST /upload/ HTTP/1.1" 200 OK
INFO:     127.0.0.1:59014 - "POST /query/ HTTP/1.1" 500 Internal Server Error
ERROR:    Exception in ASGI application
Traceback (most recent call last):
  File "C:\Users\Vaishnavi\AppData\Local\Programs\Python\Python311\Lib\site-packages\uvicorn\protocols\http\h11_impl.py", line 403, in run_asgi
    result = await app(  # type: ignore[func-returns-value]
             ^^^^^^^^^^^^^^^^^^^^^^^^^^^^^^^^^^^^^^^^^^^^^^
  File "C:\Users\Vaishnavi\AppData\Local\Programs\Python\Python311\Lib\site-packages\uvicorn\middleware\proxy_headers.py", line 60, in __call__
    return await self.app(scope, receive, send)
           ^^^^^^^^^^^^^^^^^^^^^^^^^^^^^^^^^^^^
  File "C:\Users\Vaishnavi\AppData\Local\Programs\Python\Python311\Lib\site-packages\fastapi\applications.py", line 1054, in __call__
    await super().__call__(scope, receive, send)
  File "C:\Users\Vaishnavi\AppData\Local\Programs\Python\Python311\Lib\site-packages\starlette\applications.py", line 112, in __call__
    await self.middleware_stack(scope, receive, send)
  File "C:\Users\Vaishnavi\AppData\Local\Programs\Python\Python311\Lib\site-packages\starlette\middleware\errors.py", line 187, in __call__
    raise exc
  File "C:\Users\Vaishnavi\AppData\Local\Programs\Python\Python311\Lib\site-packages\starlette\middleware\errors.py", line 165, in __call__
    await self.app(scope, receive, _send)
  File "C:\Users\Vaishnavi\AppData\Local\Programs\Python\Python311\Lib\site-packages\starlette\middleware\exceptions.py", line 62, in __call__
    await wrap_app_handling_exceptions(self.app, conn)(scope, receive, send)
  File "C:\Users\Vaishnavi\AppData\Local\Programs\Python\Python311\Lib\site-packages\starlette\_exception_handler.py", line 53, in wrapped_app
    raise exc
  File "C:\Users\Vaishnavi\AppData\Local\Programs\Python\Python311\Lib\site-packages\starlette\_exception_handler.py", line 42, in wrapped_app
    await app(scope, receive, sender)
  File "C:\Users\Vaishnavi\AppData\Local\Programs\Python\Python311\Lib\site-packages\starlette\routing.py", line 715, in __call__
    await self.middleware_stack(scope, receive, send)
  File "C:\Users\Vaishnavi\AppData\Local\Programs\Python\Python311\Lib\site-packages\starlette\routing.py", line 735, in app
    await route.handle(scope, receive, send)
  File "C:\Users\Vaishnavi\AppData\Local\Programs\Python\Python311\Lib\site-packages\starlette\routing.py", line 288, in handle
    await self.app(scope, receive, send)
  File "C:\Users\Vaishnavi\AppData\Local\Programs\Python\Python311\Lib\site-packages\starlette\routing.py", line 76, in app
    await wrap_app_handling_exceptions(app, request)(scope, receive, send)
  File "C:\Users\Vaishnavi\AppData\Local\Programs\Python\Python311\Lib\site-packages\starlette\_exception_handler.py", line 53, in wrapped_app
    raise exc
  File "C:\Users\Vaishnavi\AppData\Local\Programs\Python\Python311\Lib\site-packages\starlette\_exception_handler.py", line 42, in wrapped_app
    await app(scope, receive, sender)
  File "C:\Users\Vaishnavi\AppData\Local\Programs\Python\Python311\Lib\site-packages\starlette\routing.py", line 73, in app
    response = await f(request)
               ^^^^^^^^^^^^^^^^
  File "C:\Users\Vaishnavi\AppData\Local\Programs\Python\Python311\Lib\site-packages\fastapi\routing.py", line 301, in app
    raw_response = await run_endpoint_function(
                   ^^^^^^^^^^^^^^^^^^^^^^^^^^^^
  File "C:\Users\Vaishnavi\AppData\Local\Programs\Python\Python311\Lib\site-packages\fastapi\routing.py", line 214, in run_endpoint_function
    return await run_in_threadpool(dependant.call, **values)
           ^^^^^^^^^^^^^^^^^^^^^^^^^^^^^^^^^^^^^^^^^^^^^^^^^
  File "C:\Users\Vaishnavi\AppData\Local\Programs\Python\Python311\Lib\site-packages\starlette\concurrency.py", line 37, in run_in_threadpool
    return await anyio.to_thread.run_sync(func)
           ^^^^^^^^^^^^^^^^^^^^^^^^^^^^^^^^^^^^
  File "C:\Users\Vaishnavi\AppData\Local\Programs\Python\Python311\Lib\site-packages\anyio\to_thread.py", line 31, in run_sync
    return await get_asynclib().run_sync_in_worker_thread(
           ^^^^^^^^^^^^^^^^^^^^^^^^^^^^^^^^^^^^^^^^^^^^^^^
  File "C:\Users\Vaishnavi\AppData\Local\Programs\Python\Python311\Lib\site-packages\anyio\_backends\_asyncio.py", line 937, in run_sync_in_worker_thread
    return await future
           ^^^^^^^^^^^^
  File "C:\Users\Vaishnavi\AppData\Local\Programs\Python\Python311\Lib\site-packages\anyio\_backends\_asyncio.py", line 867, in run
    result = context.run(func, *args)
             ^^^^^^^^^^^^^^^^^^^^^^^^
  File "D:\CC\backend\main.py", line 52, in query_report
    response = get_insights(reports[report_name], query)
               ^^^^^^^^^^^^^^^^^^^^^^^^^^^^^^^^^^^^^^^^^
  File "D:\CC\backend\services.py", line 13, in get_insights
    response = openai.ChatCompletion.create(
               ^^^^^^^^^^^^^^^^^^^^^^^^^^^^^
  File "C:\Users\Vaishnavi\AppData\Local\Programs\Python\Python311\Lib\site-packages\openai\lib\_old_api.py", line 39, in __call__
    raise APIRemovedInV1(symbol=self._symbol)
openai.lib._old_api.APIRemovedInV1:

You tried to access openai.ChatCompletion, but this is no longer supported in openai>=1.0.0 - see the README at https://github.com/openai/openai-pythonfor the API.

You can run `openai migrate` to automatically upgrade your codebase to use the 1.0.0 interface.

Alternatively, you can pin your installation to the old version, e.g. `pip install openai==0.28`

A detailed migration guide is available here: https://github.com/openai/openai-python/discussions/742

INFO:     127.0.0.1:59024 - "GET /reports/ HTTP/1.1" 200 OK
INFO:     127.0.0.1:59043 - "POST /query/ HTTP/1.1" 422 Unprocessable Entity
INFO:     127.0.0.1:59066 - "POST /query/ HTTP/1.1" 500 Internal Server Error
ERROR:    Exception in ASGI application
Traceback (most recent call last):
  File "C:\Users\Vaishnavi\AppData\Local\Programs\Python\Python311\Lib\site-packages\uvicorn\protocols\http\h11_impl.py", line 403, in run_asgi
    result = await app(  # type: ignore[func-returns-value]
             ^^^^^^^^^^^^^^^^^^^^^^^^^^^^^^^^^^^^^^^^^^^^^^
  File "C:\Users\Vaishnavi\AppData\Local\Programs\Python\Python311\Lib\site-packages\uvicorn\middleware\proxy_headers.py", line 60, in __call__
    return await self.app(scope, receive, send)
           ^^^^^^^^^^^^^^^^^^^^^^^^^^^^^^^^^^^^
  File "C:\Users\Vaishnavi\AppData\Local\Programs\Python\Python311\Lib\site-packages\fastapi\applications.py", line 1054, in __call__
    await super().__call__(scope, receive, send)
  File "C:\Users\Vaishnavi\AppData\Local\Programs\Python\Python311\Lib\site-packages\starlette\applications.py", line 112, in __call__
    await self.middleware_stack(scope, receive, send)
  File "C:\Users\Vaishnavi\AppData\Local\Programs\Python\Python311\Lib\site-packages\starlette\middleware\errors.py", line 187, in __call__
    raise exc
  File "C:\Users\Vaishnavi\AppData\Local\Programs\Python\Python311\Lib\site-packages\starlette\middleware\errors.py", line 165, in __call__
    await self.app(scope, receive, _send)
  File "C:\Users\Vaishnavi\AppData\Local\Programs\Python\Python311\Lib\site-packages\starlette\middleware\exceptions.py", line 62, in __call__
    await wrap_app_handling_exceptions(self.app, conn)(scope, receive, send)
  File "C:\Users\Vaishnavi\AppData\Local\Programs\Python\Python311\Lib\site-packages\starlette\_exception_handler.py", line 53, in wrapped_app
    raise exc
  File "C:\Users\Vaishnavi\AppData\Local\Programs\Python\Python311\Lib\site-packages\starlette\_exception_handler.py", line 42, in wrapped_app
    await app(scope, receive, sender)
  File "C:\Users\Vaishnavi\AppData\Local\Programs\Python\Python311\Lib\site-packages\starlette\routing.py", line 715, in __call__
    await self.middleware_stack(scope, receive, send)
  File "C:\Users\Vaishnavi\AppData\Local\Programs\Python\Python311\Lib\site-packages\starlette\routing.py", line 735, in app
    await route.handle(scope, receive, send)
  File "C:\Users\Vaishnavi\AppData\Local\Programs\Python\Python311\Lib\site-packages\starlette\routing.py", line 288, in handle
    await self.app(scope, receive, send)
  File "C:\Users\Vaishnavi\AppData\Local\Programs\Python\Python311\Lib\site-packages\starlette\routing.py", line 76, in app
    await wrap_app_handling_exceptions(app, request)(scope, receive, send)
  File "C:\Users\Vaishnavi\AppData\Local\Programs\Python\Python311\Lib\site-packages\starlette\_exception_handler.py", line 53, in wrapped_app
    raise exc
  File "C:\Users\Vaishnavi\AppData\Local\Programs\Python\Python311\Lib\site-packages\starlette\_exception_handler.py", line 42, in wrapped_app
    await app(scope, receive, sender)
  File "C:\Users\Vaishnavi\AppData\Local\Programs\Python\Python311\Lib\site-packages\starlette\routing.py", line 73, in app
    response = await f(request)
               ^^^^^^^^^^^^^^^^
  File "C:\Users\Vaishnavi\AppData\Local\Programs\Python\Python311\Lib\site-packages\fastapi\routing.py", line 301, in app
    raw_response = await run_endpoint_function(
                   ^^^^^^^^^^^^^^^^^^^^^^^^^^^^
  File "C:\Users\Vaishnavi\AppData\Local\Programs\Python\Python311\Lib\site-packages\fastapi\routing.py", line 214, in run_endpoint_function
    return await run_in_threadpool(dependant.call, **values)
           ^^^^^^^^^^^^^^^^^^^^^^^^^^^^^^^^^^^^^^^^^^^^^^^^^
  File "C:\Users\Vaishnavi\AppData\Local\Programs\Python\Python311\Lib\site-packages\starlette\concurrency.py", line 37, in run_in_threadpool
    return await anyio.to_thread.run_sync(func)
           ^^^^^^^^^^^^^^^^^^^^^^^^^^^^^^^^^^^^
  File "C:\Users\Vaishnavi\AppData\Local\Programs\Python\Python311\Lib\site-packages\anyio\to_thread.py", line 31, in run_sync
    return await get_asynclib().run_sync_in_worker_thread(
           ^^^^^^^^^^^^^^^^^^^^^^^^^^^^^^^^^^^^^^^^^^^^^^^
  File "C:\Users\Vaishnavi\AppData\Local\Programs\Python\Python311\Lib\site-packages\anyio\_backends\_asyncio.py", line 937, in run_sync_in_worker_thread
    return await future
           ^^^^^^^^^^^^
  File "C:\Users\Vaishnavi\AppData\Local\Programs\Python\Python311\Lib\site-packages\anyio\_backends\_asyncio.py", line 867, in run
    result = context.run(func, *args)
             ^^^^^^^^^^^^^^^^^^^^^^^^
  File "D:\CC\backend\main.py", line 52, in query_report
    response = get_insights(reports[report_name], query)
               ^^^^^^^^^^^^^^^^^^^^^^^^^^^^^^^^^^^^^^^^^
  File "D:\CC\backend\services.py", line 13, in get_insights
    response = openai.ChatCompletion.create(
               ^^^^^^^^^^^^^^^^^^^^^^^^^^^^^
  File "C:\Users\Vaishnavi\AppData\Local\Programs\Python\Python311\Lib\site-packages\openai\lib\_old_api.py", line 39, in __call__
    raise APIRemovedInV1(symbol=self._symbol)
openai.lib._old_api.APIRemovedInV1:

You tried to access openai.ChatCompletion, but this is no longer supported in openai>=1.0.0 - see the README at https://github.com/openai/openai-pythonfor the API.

You can run `openai migrate` to automatically upgrade your codebase to use the 1.0.0 interface.

Alternatively, you can pin your installation to the old version, e.g. `pip install openai==0.28`

A detailed migration guide is available here: https://github.com/openai/openai-python/discussions/742

INFO:     127.0.0.1:59100 - "POST /query/ HTTP/1.1" 500 Internal Server Error
ERROR:    Exception in ASGI application
Traceback (most recent call last):
  File "C:\Users\Vaishnavi\AppData\Local\Programs\Python\Python311\Lib\site-packages\uvicorn\protocols\http\h11_impl.py", line 403, in run_asgi
    result = await app(  # type: ignore[func-returns-value]
             ^^^^^^^^^^^^^^^^^^^^^^^^^^^^^^^^^^^^^^^^^^^^^^
  File "C:\Users\Vaishnavi\AppData\Local\Programs\Python\Python311\Lib\site-packages\uvicorn\middleware\proxy_headers.py", line 60, in __call__
    return await self.app(scope, receive, send)
           ^^^^^^^^^^^^^^^^^^^^^^^^^^^^^^^^^^^^
  File "C:\Users\Vaishnavi\AppData\Local\Programs\Python\Python311\Lib\site-packages\fastapi\applications.py", line 1054, in __call__
    await super().__call__(scope, receive, send)
  File "C:\Users\Vaishnavi\AppData\Local\Programs\Python\Python311\Lib\site-packages\starlette\applications.py", line 112, in __call__
    await self.middleware_stack(scope, receive, send)
  File "C:\Users\Vaishnavi\AppData\Local\Programs\Python\Python311\Lib\site-packages\starlette\middleware\errors.py", line 187, in __call__
    raise exc
  File "C:\Users\Vaishnavi\AppData\Local\Programs\Python\Python311\Lib\site-packages\starlette\middleware\errors.py", line 165, in __call__
    await self.app(scope, receive, _send)
  File "C:\Users\Vaishnavi\AppData\Local\Programs\Python\Python311\Lib\site-packages\starlette\middleware\exceptions.py", line 62, in __call__
    await wrap_app_handling_exceptions(self.app, conn)(scope, receive, send)
  File "C:\Users\Vaishnavi\AppData\Local\Programs\Python\Python311\Lib\site-packages\starlette\_exception_handler.py", line 53, in wrapped_app
    raise exc
  File "C:\Users\Vaishnavi\AppData\Local\Programs\Python\Python311\Lib\site-packages\starlette\_exception_handler.py", line 42, in wrapped_app
    await app(scope, receive, sender)
  File "C:\Users\Vaishnavi\AppData\Local\Programs\Python\Python311\Lib\site-packages\starlette\routing.py", line 715, in __call__
    await self.middleware_stack(scope, receive, send)
  File "C:\Users\Vaishnavi\AppData\Local\Programs\Python\Python311\Lib\site-packages\starlette\routing.py", line 735, in app
    await route.handle(scope, receive, send)
  File "C:\Users\Vaishnavi\AppData\Local\Programs\Python\Python311\Lib\site-packages\starlette\routing.py", line 288, in handle
    await self.app(scope, receive, send)
  File "C:\Users\Vaishnavi\AppData\Local\Programs\Python\Python311\Lib\site-packages\starlette\routing.py", line 76, in app
    await wrap_app_handling_exceptions(app, request)(scope, receive, send)
  File "C:\Users\Vaishnavi\AppData\Local\Programs\Python\Python311\Lib\site-packages\starlette\_exception_handler.py", line 53, in wrapped_app
    raise exc
  File "C:\Users\Vaishnavi\AppData\Local\Programs\Python\Python311\Lib\site-packages\starlette\_exception_handler.py", line 42, in wrapped_app
    await app(scope, receive, sender)
  File "C:\Users\Vaishnavi\AppData\Local\Programs\Python\Python311\Lib\site-packages\starlette\routing.py", line 73, in app
    response = await f(request)
               ^^^^^^^^^^^^^^^^
  File "C:\Users\Vaishnavi\AppData\Local\Programs\Python\Python311\Lib\site-packages\fastapi\routing.py", line 301, in app
    raw_response = await run_endpoint_function(
                   ^^^^^^^^^^^^^^^^^^^^^^^^^^^^
  File "C:\Users\Vaishnavi\AppData\Local\Programs\Python\Python311\Lib\site-packages\fastapi\routing.py", line 214, in run_endpoint_function
    return await run_in_threadpool(dependant.call, **values)
           ^^^^^^^^^^^^^^^^^^^^^^^^^^^^^^^^^^^^^^^^^^^^^^^^^
  File "C:\Users\Vaishnavi\AppData\Local\Programs\Python\Python311\Lib\site-packages\starlette\concurrency.py", line 37, in run_in_threadpool
    return await anyio.to_thread.run_sync(func)
           ^^^^^^^^^^^^^^^^^^^^^^^^^^^^^^^^^^^^
  File "C:\Users\Vaishnavi\AppData\Local\Programs\Python\Python311\Lib\site-packages\anyio\to_thread.py", line 31, in run_sync
    return await get_asynclib().run_sync_in_worker_thread(
           ^^^^^^^^^^^^^^^^^^^^^^^^^^^^^^^^^^^^^^^^^^^^^^^
  File "C:\Users\Vaishnavi\AppData\Local\Programs\Python\Python311\Lib\site-packages\anyio\_backends\_asyncio.py", line 937, in run_sync_in_worker_thread
    return await future
           ^^^^^^^^^^^^
  File "C:\Users\Vaishnavi\AppData\Local\Programs\Python\Python311\Lib\site-packages\anyio\_backends\_asyncio.py", line 867, in run
    result = context.run(func, *args)
             ^^^^^^^^^^^^^^^^^^^^^^^^
  File "D:\CC\backend\main.py", line 52, in query_report
    response = get_insights(reports[report_name], query)
               ^^^^^^^^^^^^^^^^^^^^^^^^^^^^^^^^^^^^^^^^^
  File "D:\CC\backend\services.py", line 13, in get_insights
    response = openai.ChatCompletion.create(
               ^^^^^^^^^^^^^^^^^^^^^^^^^^^^^
  File "C:\Users\Vaishnavi\AppData\Local\Programs\Python\Python311\Lib\site-packages\openai\lib\_old_api.py", line 39, in __call__
    raise APIRemovedInV1(symbol=self._symbol)
openai.lib._old_api.APIRemovedInV1:

You tried to access openai.ChatCompletion, but this is no longer supported in openai>=1.0.0 - see the README at https://github.com/openai/openai-pythonfor the API.

You can run `openai migrate` to automatically upgrade your codebase to use the 1.0.0 interface.

Alternatively, you can pin your installation to the old version, e.g. `pip install openai==0.28`

A detailed migration guide is available here: https://github.com/openai/openai-python/discussions/742

INFO:     127.0.0.1:59102 - "POST /query/ HTTP/1.1" 500 Internal Server Error
ERROR:    Exception in ASGI application
Traceback (most recent call last):
  File "C:\Users\Vaishnavi\AppData\Local\Programs\Python\Python311\Lib\site-packages\uvicorn\protocols\http\h11_impl.py", line 403, in run_asgi
    result = await app(  # type: ignore[func-returns-value]
             ^^^^^^^^^^^^^^^^^^^^^^^^^^^^^^^^^^^^^^^^^^^^^^
  File "C:\Users\Vaishnavi\AppData\Local\Programs\Python\Python311\Lib\site-packages\uvicorn\middleware\proxy_headers.py", line 60, in __call__
    return await self.app(scope, receive, send)
           ^^^^^^^^^^^^^^^^^^^^^^^^^^^^^^^^^^^^
  File "C:\Users\Vaishnavi\AppData\Local\Programs\Python\Python311\Lib\site-packages\fastapi\applications.py", line 1054, in __call__
    await super().__call__(scope, receive, send)
  File "C:\Users\Vaishnavi\AppData\Local\Programs\Python\Python311\Lib\site-packages\starlette\applications.py", line 112, in __call__
    await self.middleware_stack(scope, receive, send)
  File "C:\Users\Vaishnavi\AppData\Local\Programs\Python\Python311\Lib\site-packages\starlette\middleware\errors.py", line 187, in __call__
    raise exc
  File "C:\Users\Vaishnavi\AppData\Local\Programs\Python\Python311\Lib\site-packages\starlette\middleware\errors.py", line 165, in __call__
    await self.app(scope, receive, _send)
  File "C:\Users\Vaishnavi\AppData\Local\Programs\Python\Python311\Lib\site-packages\starlette\middleware\exceptions.py", line 62, in __call__
    await wrap_app_handling_exceptions(self.app, conn)(scope, receive, send)
  File "C:\Users\Vaishnavi\AppData\Local\Programs\Python\Python311\Lib\site-packages\starlette\_exception_handler.py", line 53, in wrapped_app
    raise exc
  File "C:\Users\Vaishnavi\AppData\Local\Programs\Python\Python311\Lib\site-packages\starlette\_exception_handler.py", line 42, in wrapped_app
    await app(scope, receive, sender)
  File "C:\Users\Vaishnavi\AppData\Local\Programs\Python\Python311\Lib\site-packages\starlette\routing.py", line 715, in __call__
    await self.middleware_stack(scope, receive, send)
  File "C:\Users\Vaishnavi\AppData\Local\Programs\Python\Python311\Lib\site-packages\starlette\routing.py", line 735, in app
    await route.handle(scope, receive, send)
  File "C:\Users\Vaishnavi\AppData\Local\Programs\Python\Python311\Lib\site-packages\starlette\routing.py", line 288, in handle
    await self.app(scope, receive, send)
  File "C:\Users\Vaishnavi\AppData\Local\Programs\Python\Python311\Lib\site-packages\starlette\routing.py", line 76, in app
    await wrap_app_handling_exceptions(app, request)(scope, receive, send)
  File "C:\Users\Vaishnavi\AppData\Local\Programs\Python\Python311\Lib\site-packages\starlette\_exception_handler.py", line 53, in wrapped_app
    raise exc
  File "C:\Users\Vaishnavi\AppData\Local\Programs\Python\Python311\Lib\site-packages\starlette\_exception_handler.py", line 42, in wrapped_app
    await app(scope, receive, sender)
  File "C:\Users\Vaishnavi\AppData\Local\Programs\Python\Python311\Lib\site-packages\starlette\routing.py", line 73, in app
    response = await f(request)
               ^^^^^^^^^^^^^^^^
  File "C:\Users\Vaishnavi\AppData\Local\Programs\Python\Python311\Lib\site-packages\fastapi\routing.py", line 301, in app
    raw_response = await run_endpoint_function(
                   ^^^^^^^^^^^^^^^^^^^^^^^^^^^^
  File "C:\Users\Vaishnavi\AppData\Local\Programs\Python\Python311\Lib\site-packages\fastapi\routing.py", line 214, in run_endpoint_function
    return await run_in_threadpool(dependant.call, **values)
           ^^^^^^^^^^^^^^^^^^^^^^^^^^^^^^^^^^^^^^^^^^^^^^^^^
  File "C:\Users\Vaishnavi\AppData\Local\Programs\Python\Python311\Lib\site-packages\starlette\concurrency.py", line 37, in run_in_threadpool
    return await anyio.to_thread.run_sync(func)
           ^^^^^^^^^^^^^^^^^^^^^^^^^^^^^^^^^^^^
  File "C:\Users\Vaishnavi\AppData\Local\Programs\Python\Python311\Lib\site-packages\anyio\to_thread.py", line 31, in run_sync
    return await get_asynclib().run_sync_in_worker_thread(
           ^^^^^^^^^^^^^^^^^^^^^^^^^^^^^^^^^^^^^^^^^^^^^^^
  File "C:\Users\Vaishnavi\AppData\Local\Programs\Python\Python311\Lib\site-packages\anyio\_backends\_asyncio.py", line 937, in run_sync_in_worker_thread
    return await future
           ^^^^^^^^^^^^
  File "C:\Users\Vaishnavi\AppData\Local\Programs\Python\Python311\Lib\site-packages\anyio\_backends\_asyncio.py", line 867, in run
    result = context.run(func, *args)
             ^^^^^^^^^^^^^^^^^^^^^^^^
  File "D:\CC\backend\main.py", line 52, in query_report
    response = get_insights(reports[report_name], query)
               ^^^^^^^^^^^^^^^^^^^^^^^^^^^^^^^^^^^^^^^^^
  File "D:\CC\backend\services.py", line 13, in get_insights
    response = openai.ChatCompletion.create(
               ^^^^^^^^^^^^^^^^^^^^^^^^^^^^^
  File "C:\Users\Vaishnavi\AppData\Local\Programs\Python\Python311\Lib\site-packages\openai\lib\_old_api.py", line 39, in __call__
    raise APIRemovedInV1(symbol=self._symbol)
openai.lib._old_api.APIRemovedInV1:

You tried to access openai.ChatCompletion, but this is no longer supported in openai>=1.0.0 - see the README at https://github.com/openai/openai-pythonfor the API.

You can run `openai migrate` to automatically upgrade your codebase to use the 1.0.0 interface.

Alternatively, you can pin your installation to the old version, e.g. `pip install openai==0.28`

A detailed migration guide is available here: https://github.com/openai/openai-python/discussions/742

INFO:     127.0.0.1:59115 - "GET /reports/ HTTP/1.1" 200 OK
INFO:     127.0.0.1:59125 - "POST /query/ HTTP/1.1" 500 Internal Server Error
ERROR:    Exception in ASGI application
Traceback (most recent call last):
  File "C:\Users\Vaishnavi\AppData\Local\Programs\Python\Python311\Lib\site-packages\uvicorn\protocols\http\h11_impl.py", line 403, in run_asgi
    result = await app(  # type: ignore[func-returns-value]
             ^^^^^^^^^^^^^^^^^^^^^^^^^^^^^^^^^^^^^^^^^^^^^^
  File "C:\Users\Vaishnavi\AppData\Local\Programs\Python\Python311\Lib\site-packages\uvicorn\middleware\proxy_headers.py", line 60, in __call__
    return await self.app(scope, receive, send)
           ^^^^^^^^^^^^^^^^^^^^^^^^^^^^^^^^^^^^
  File "C:\Users\Vaishnavi\AppData\Local\Programs\Python\Python311\Lib\site-packages\fastapi\applications.py", line 1054, in __call__
    await super().__call__(scope, receive, send)
  File "C:\Users\Vaishnavi\AppData\Local\Programs\Python\Python311\Lib\site-packages\starlette\applications.py", line 112, in __call__
    await self.middleware_stack(scope, receive, send)
  File "C:\Users\Vaishnavi\AppData\Local\Programs\Python\Python311\Lib\site-packages\starlette\middleware\errors.py", line 187, in __call__
    raise exc
  File "C:\Users\Vaishnavi\AppData\Local\Programs\Python\Python311\Lib\site-packages\starlette\middleware\errors.py", line 165, in __call__
    await self.app(scope, receive, _send)
  File "C:\Users\Vaishnavi\AppData\Local\Programs\Python\Python311\Lib\site-packages\starlette\middleware\exceptions.py", line 62, in __call__
    await wrap_app_handling_exceptions(self.app, conn)(scope, receive, send)
  File "C:\Users\Vaishnavi\AppData\Local\Programs\Python\Python311\Lib\site-packages\starlette\_exception_handler.py", line 53, in wrapped_app
    raise exc
  File "C:\Users\Vaishnavi\AppData\Local\Programs\Python\Python311\Lib\site-packages\starlette\_exception_handler.py", line 42, in wrapped_app
    await app(scope, receive, sender)
  File "C:\Users\Vaishnavi\AppData\Local\Programs\Python\Python311\Lib\site-packages\starlette\routing.py", line 715, in __call__
    await self.middleware_stack(scope, receive, send)
  File "C:\Users\Vaishnavi\AppData\Local\Programs\Python\Python311\Lib\site-packages\starlette\routing.py", line 735, in app
    await route.handle(scope, receive, send)
  File "C:\Users\Vaishnavi\AppData\Local\Programs\Python\Python311\Lib\site-packages\starlette\routing.py", line 288, in handle
    await self.app(scope, receive, send)
  File "C:\Users\Vaishnavi\AppData\Local\Programs\Python\Python311\Lib\site-packages\starlette\routing.py", line 76, in app
    await wrap_app_handling_exceptions(app, request)(scope, receive, send)
  File "C:\Users\Vaishnavi\AppData\Local\Programs\Python\Python311\Lib\site-packages\starlette\_exception_handler.py", line 53, in wrapped_app
    raise exc
  File "C:\Users\Vaishnavi\AppData\Local\Programs\Python\Python311\Lib\site-packages\starlette\_exception_handler.py", line 42, in wrapped_app
    await app(scope, receive, sender)
  File "C:\Users\Vaishnavi\AppData\Local\Programs\Python\Python311\Lib\site-packages\starlette\routing.py", line 73, in app
    response = await f(request)
               ^^^^^^^^^^^^^^^^
  File "C:\Users\Vaishnavi\AppData\Local\Programs\Python\Python311\Lib\site-packages\fastapi\routing.py", line 301, in app
    raw_response = await run_endpoint_function(
                   ^^^^^^^^^^^^^^^^^^^^^^^^^^^^
  File "C:\Users\Vaishnavi\AppData\Local\Programs\Python\Python311\Lib\site-packages\fastapi\routing.py", line 214, in run_endpoint_function
    return await run_in_threadpool(dependant.call, **values)
           ^^^^^^^^^^^^^^^^^^^^^^^^^^^^^^^^^^^^^^^^^^^^^^^^^
  File "C:\Users\Vaishnavi\AppData\Local\Programs\Python\Python311\Lib\site-packages\starlette\concurrency.py", line 37, in run_in_threadpool
    return await anyio.to_thread.run_sync(func)
           ^^^^^^^^^^^^^^^^^^^^^^^^^^^^^^^^^^^^
  File "C:\Users\Vaishnavi\AppData\Local\Programs\Python\Python311\Lib\site-packages\anyio\to_thread.py", line 31, in run_sync
    return await get_asynclib().run_sync_in_worker_thread(
           ^^^^^^^^^^^^^^^^^^^^^^^^^^^^^^^^^^^^^^^^^^^^^^^
  File "C:\Users\Vaishnavi\AppData\Local\Programs\Python\Python311\Lib\site-packages\anyio\_backends\_asyncio.py", line 937, in run_sync_in_worker_thread
    return await future
           ^^^^^^^^^^^^
  File "C:\Users\Vaishnavi\AppData\Local\Programs\Python\Python311\Lib\site-packages\anyio\_backends\_asyncio.py", line 867, in run
    result = context.run(func, *args)
             ^^^^^^^^^^^^^^^^^^^^^^^^
  File "D:\CC\backend\main.py", line 52, in query_report
    response = get_insights(reports[report_name], query)
               ^^^^^^^^^^^^^^^^^^^^^^^^^^^^^^^^^^^^^^^^^
  File "D:\CC\backend\services.py", line 13, in get_insights
    response = openai.ChatCompletion.create(
               ^^^^^^^^^^^^^^^^^^^^^^^^^^^^^
  File "C:\Users\Vaishnavi\AppData\Local\Programs\Python\Python311\Lib\site-packages\openai\lib\_old_api.py", line 39, in __call__
    raise APIRemovedInV1(symbol=self._symbol)
openai.lib._old_api.APIRemovedInV1:

You tried to access openai.ChatCompletion, but this is no longer supported in openai>=1.0.0 - see the README at https://github.com/openai/openai-pythonfor the API.

You can run `openai migrate` to automatically upgrade your codebase to use the 1.0.0 interface.

Alternatively, you can pin your installation to the old version, e.g. `pip install openai==0.28`

A detailed migration guide is available here: https://github.com/openai/openai-python/discussions/742

INFO:     127.0.0.1:59161 - "GET /upload/ HTTP/1.1" 405 Method Not Allowed
INFO:     127.0.0.1:59161 - "POST /upload/ HTTP/1.1" 200 OK
INFO:     127.0.0.1:59174 - "POST /report/ HTTP/1.1" 404 Not Found
INFO:     127.0.0.1:59174 - "POST /upload/ HTTP/1.1" 200 OK
INFO:     127.0.0.1:59189 - "POST /query/ HTTP/1.1" 500 Internal Server Error
ERROR:    Exception in ASGI application
Traceback (most recent call last):
  File "C:\Users\Vaishnavi\AppData\Local\Programs\Python\Python311\Lib\site-packages\uvicorn\protocols\http\h11_impl.py", line 403, in run_asgi
    result = await app(  # type: ignore[func-returns-value]
             ^^^^^^^^^^^^^^^^^^^^^^^^^^^^^^^^^^^^^^^^^^^^^^
  File "C:\Users\Vaishnavi\AppData\Local\Programs\Python\Python311\Lib\site-packages\uvicorn\middleware\proxy_headers.py", line 60, in __call__
    return await self.app(scope, receive, send)
           ^^^^^^^^^^^^^^^^^^^^^^^^^^^^^^^^^^^^
  File "C:\Users\Vaishnavi\AppData\Local\Programs\Python\Python311\Lib\site-packages\fastapi\applications.py", line 1054, in __call__
    await super().__call__(scope, receive, send)
  File "C:\Users\Vaishnavi\AppData\Local\Programs\Python\Python311\Lib\site-packages\starlette\applications.py", line 112, in __call__
    await self.middleware_stack(scope, receive, send)
  File "C:\Users\Vaishnavi\AppData\Local\Programs\Python\Python311\Lib\site-packages\starlette\middleware\errors.py", line 187, in __call__
    raise exc
  File "C:\Users\Vaishnavi\AppData\Local\Programs\Python\Python311\Lib\site-packages\starlette\middleware\errors.py", line 165, in __call__
    await self.app(scope, receive, _send)
  File "C:\Users\Vaishnavi\AppData\Local\Programs\Python\Python311\Lib\site-packages\starlette\middleware\exceptions.py", line 62, in __call__
    await wrap_app_handling_exceptions(self.app, conn)(scope, receive, send)
  File "C:\Users\Vaishnavi\AppData\Local\Programs\Python\Python311\Lib\site-packages\starlette\_exception_handler.py", line 53, in wrapped_app
    raise exc
  File "C:\Users\Vaishnavi\AppData\Local\Programs\Python\Python311\Lib\site-packages\starlette\_exception_handler.py", line 42, in wrapped_app
    await app(scope, receive, sender)
  File "C:\Users\Vaishnavi\AppData\Local\Programs\Python\Python311\Lib\site-packages\starlette\routing.py", line 715, in __call__
    await self.middleware_stack(scope, receive, send)
  File "C:\Users\Vaishnavi\AppData\Local\Programs\Python\Python311\Lib\site-packages\starlette\routing.py", line 735, in app
    await route.handle(scope, receive, send)
  File "C:\Users\Vaishnavi\AppData\Local\Programs\Python\Python311\Lib\site-packages\starlette\routing.py", line 288, in handle
    await self.app(scope, receive, send)
  File "C:\Users\Vaishnavi\AppData\Local\Programs\Python\Python311\Lib\site-packages\starlette\routing.py", line 76, in app
    await wrap_app_handling_exceptions(app, request)(scope, receive, send)
  File "C:\Users\Vaishnavi\AppData\Local\Programs\Python\Python311\Lib\site-packages\starlette\_exception_handler.py", line 53, in wrapped_app
    raise exc
  File "C:\Users\Vaishnavi\AppData\Local\Programs\Python\Python311\Lib\site-packages\starlette\_exception_handler.py", line 42, in wrapped_app
    await app(scope, receive, sender)
  File "C:\Users\Vaishnavi\AppData\Local\Programs\Python\Python311\Lib\site-packages\starlette\routing.py", line 73, in app
    response = await f(request)
               ^^^^^^^^^^^^^^^^
  File "C:\Users\Vaishnavi\AppData\Local\Programs\Python\Python311\Lib\site-packages\fastapi\routing.py", line 301, in app
    raw_response = await run_endpoint_function(
                   ^^^^^^^^^^^^^^^^^^^^^^^^^^^^
  File "C:\Users\Vaishnavi\AppData\Local\Programs\Python\Python311\Lib\site-packages\fastapi\routing.py", line 214, in run_endpoint_function
    return await run_in_threadpool(dependant.call, **values)
           ^^^^^^^^^^^^^^^^^^^^^^^^^^^^^^^^^^^^^^^^^^^^^^^^^
  File "C:\Users\Vaishnavi\AppData\Local\Programs\Python\Python311\Lib\site-packages\starlette\concurrency.py", line 37, in run_in_threadpool
    return await anyio.to_thread.run_sync(func)
           ^^^^^^^^^^^^^^^^^^^^^^^^^^^^^^^^^^^^
  File "C:\Users\Vaishnavi\AppData\Local\Programs\Python\Python311\Lib\site-packages\anyio\to_thread.py", line 31, in run_sync
    return await get_asynclib().run_sync_in_worker_thread(
           ^^^^^^^^^^^^^^^^^^^^^^^^^^^^^^^^^^^^^^^^^^^^^^^
  File "C:\Users\Vaishnavi\AppData\Local\Programs\Python\Python311\Lib\site-packages\anyio\_backends\_asyncio.py", line 937, in run_sync_in_worker_thread
    return await future
           ^^^^^^^^^^^^
  File "C:\Users\Vaishnavi\AppData\Local\Programs\Python\Python311\Lib\site-packages\anyio\_backends\_asyncio.py", line 867, in run
    result = context.run(func, *args)
             ^^^^^^^^^^^^^^^^^^^^^^^^
  File "D:\CC\backend\main.py", line 52, in query_report
    response = get_insights(reports[report_name], query)
               ^^^^^^^^^^^^^^^^^^^^^^^^^^^^^^^^^^^^^^^^^
  File "D:\CC\backend\services.py", line 13, in get_insights
    response = openai.ChatCompletion.create(
               ^^^^^^^^^^^^^^^^^^^^^^^^^^^^^
  File "C:\Users\Vaishnavi\AppData\Local\Programs\Python\Python311\Lib\site-packages\openai\lib\_old_api.py", line 39, in __call__
    raise APIRemovedInV1(symbol=self._symbol)
openai.lib._old_api.APIRemovedInV1:

You tried to access openai.ChatCompletion, but this is no longer supported in openai>=1.0.0 - see the README at https://github.com/openai/openai-pythonfor the API.

You can run `openai migrate` to automatically upgrade your codebase to use the 1.0.0 interface.

Alternatively, you can pin your installation to the old version, e.g. `pip install openai==0.28`

A detailed migration guide is available here: https://github.com/openai/openai-python/discussions/742

INFO:     127.0.0.1:59199 - "GET /reports/ HTTP/1.1" 200 OK
INFO:     127.0.0.1:59210 - "POST /upload/ HTTP/1.1" 200 OK
INFO:     127.0.0.1:59212 - "POST /upload/ HTTP/1.1" 200 OK
INFO:     127.0.0.1:59213 - "GET /reports/ HTTP/1.1" 200 OK
INFO:     127.0.0.1:59215 - "POST /query/ HTTP/1.1" 500 Internal Server Error
ERROR:    Exception in ASGI application
Traceback (most recent call last):
  File "C:\Users\Vaishnavi\AppData\Local\Programs\Python\Python311\Lib\site-packages\uvicorn\protocols\http\h11_impl.py", line 403, in run_asgi
    result = await app(  # type: ignore[func-returns-value]
             ^^^^^^^^^^^^^^^^^^^^^^^^^^^^^^^^^^^^^^^^^^^^^^
  File "C:\Users\Vaishnavi\AppData\Local\Programs\Python\Python311\Lib\site-packages\uvicorn\middleware\proxy_headers.py", line 60, in __call__
    return await self.app(scope, receive, send)
           ^^^^^^^^^^^^^^^^^^^^^^^^^^^^^^^^^^^^
  File "C:\Users\Vaishnavi\AppData\Local\Programs\Python\Python311\Lib\site-packages\fastapi\applications.py", line 1054, in __call__
    await super().__call__(scope, receive, send)
  File "C:\Users\Vaishnavi\AppData\Local\Programs\Python\Python311\Lib\site-packages\starlette\applications.py", line 112, in __call__
    await self.middleware_stack(scope, receive, send)
  File "C:\Users\Vaishnavi\AppData\Local\Programs\Python\Python311\Lib\site-packages\starlette\middleware\errors.py", line 187, in __call__
    raise exc
  File "C:\Users\Vaishnavi\AppData\Local\Programs\Python\Python311\Lib\site-packages\starlette\middleware\errors.py", line 165, in __call__
    await self.app(scope, receive, _send)
  File "C:\Users\Vaishnavi\AppData\Local\Programs\Python\Python311\Lib\site-packages\starlette\middleware\exceptions.py", line 62, in __call__
    await wrap_app_handling_exceptions(self.app, conn)(scope, receive, send)
  File "C:\Users\Vaishnavi\AppData\Local\Programs\Python\Python311\Lib\site-packages\starlette\_exception_handler.py", line 53, in wrapped_app
    raise exc
  File "C:\Users\Vaishnavi\AppData\Local\Programs\Python\Python311\Lib\site-packages\starlette\_exception_handler.py", line 42, in wrapped_app
    await app(scope, receive, sender)
  File "C:\Users\Vaishnavi\AppData\Local\Programs\Python\Python311\Lib\site-packages\starlette\routing.py", line 715, in __call__
    await self.middleware_stack(scope, receive, send)
  File "C:\Users\Vaishnavi\AppData\Local\Programs\Python\Python311\Lib\site-packages\starlette\routing.py", line 735, in app
    await route.handle(scope, receive, send)
  File "C:\Users\Vaishnavi\AppData\Local\Programs\Python\Python311\Lib\site-packages\starlette\routing.py", line 288, in handle
    await self.app(scope, receive, send)
  File "C:\Users\Vaishnavi\AppData\Local\Programs\Python\Python311\Lib\site-packages\starlette\routing.py", line 76, in app
    await wrap_app_handling_exceptions(app, request)(scope, receive, send)
  File "C:\Users\Vaishnavi\AppData\Local\Programs\Python\Python311\Lib\site-packages\starlette\_exception_handler.py", line 53, in wrapped_app
    raise exc
  File "C:\Users\Vaishnavi\AppData\Local\Programs\Python\Python311\Lib\site-packages\starlette\_exception_handler.py", line 42, in wrapped_app
    await app(scope, receive, sender)
  File "C:\Users\Vaishnavi\AppData\Local\Programs\Python\Python311\Lib\site-packages\starlette\routing.py", line 73, in app
    response = await f(request)
               ^^^^^^^^^^^^^^^^
  File "C:\Users\Vaishnavi\AppData\Local\Programs\Python\Python311\Lib\site-packages\fastapi\routing.py", line 301, in app
    raw_response = await run_endpoint_function(
                   ^^^^^^^^^^^^^^^^^^^^^^^^^^^^
  File "C:\Users\Vaishnavi\AppData\Local\Programs\Python\Python311\Lib\site-packages\fastapi\routing.py", line 214, in run_endpoint_function
    return await run_in_threadpool(dependant.call, **values)
           ^^^^^^^^^^^^^^^^^^^^^^^^^^^^^^^^^^^^^^^^^^^^^^^^^
  File "C:\Users\Vaishnavi\AppData\Local\Programs\Python\Python311\Lib\site-packages\starlette\concurrency.py", line 37, in run_in_threadpool
    return await anyio.to_thread.run_sync(func)
           ^^^^^^^^^^^^^^^^^^^^^^^^^^^^^^^^^^^^
  File "C:\Users\Vaishnavi\AppData\Local\Programs\Python\Python311\Lib\site-packages\anyio\to_thread.py", line 31, in run_sync
    return await get_asynclib().run_sync_in_worker_thread(
           ^^^^^^^^^^^^^^^^^^^^^^^^^^^^^^^^^^^^^^^^^^^^^^^
  File "C:\Users\Vaishnavi\AppData\Local\Programs\Python\Python311\Lib\site-packages\anyio\_backends\_asyncio.py", line 937, in run_sync_in_worker_thread
    return await future
           ^^^^^^^^^^^^
  File "C:\Users\Vaishnavi\AppData\Local\Programs\Python\Python311\Lib\site-packages\anyio\_backends\_asyncio.py", line 867, in run
    result = context.run(func, *args)
             ^^^^^^^^^^^^^^^^^^^^^^^^
  File "D:\CC\backend\main.py", line 52, in query_report
    response = get_insights(reports[report_name], query)
               ^^^^^^^^^^^^^^^^^^^^^^^^^^^^^^^^^^^^^^^^^
  File "D:\CC\backend\services.py", line 13, in get_insights
    response = openai.ChatCompletion.create(
               ^^^^^^^^^^^^^^^^^^^^^^^^^^^^^
  File "C:\Users\Vaishnavi\AppData\Local\Programs\Python\Python311\Lib\site-packages\openai\lib\_old_api.py", line 39, in __call__
    raise APIRemovedInV1(symbol=self._symbol)
openai.lib._old_api.APIRemovedInV1:

You tried to access openai.ChatCompletion, but this is no longer supported in openai>=1.0.0 - see the README at https://github.com/openai/openai-pythonfor the API.

You can run `openai migrate` to automatically upgrade your codebase to use the 1.0.0 interface.

Alternatively, you can pin your installation to the old version, e.g. `pip install openai==0.28`

A detailed migration guide is available here: https://github.com/openai/openai-python/discussions/742

WARNING:  StatReload detected changes in 'services.py'. Reloading...
INFO:     Shutting down
INFO:     Waiting for application shutdown.
INFO:     Application shutdown complete.
INFO:     Finished server process [748]
INFO:     Started server process [8996]
INFO:     Waiting for application startup.
INFO:     Application startup complete.
INFO:     Shutting down
INFO:     Waiting for application shutdown.
INFO:     Application shutdown complete.
INFO:     Finished server process [8996]
INFO:     Stopping reloader process [15828]

D:\CC\backend>uvicorn main:app --reload
INFO:     Will watch for changes in these directories: ['D:\\CC\\backend']
INFO:     Uvicorn running on http://127.0.0.1:8000 (Press CTRL+C to quit)
INFO:     Started reloader process [17128] using StatReload
INFO:     Started server process [20224]
INFO:     Waiting for application startup.
INFO:     Application startup complete.
INFO:     127.0.0.1:59287 - "POST /upload/ HTTP/1.1" 200 OK
INFO:     127.0.0.1:59292 - "GET /reports/ HTTP/1.1" 200 OK
INFO:     127.0.0.1:59293 - "POST /query/ HTTP/1.1" 500 Internal Server Error
ERROR:    Exception in ASGI application
Traceback (most recent call last):
  File "C:\Users\Vaishnavi\AppData\Local\Programs\Python\Python311\Lib\site-packages\uvicorn\protocols\http\h11_impl.py", line 403, in run_asgi
    result = await app(  # type: ignore[func-returns-value]
             ^^^^^^^^^^^^^^^^^^^^^^^^^^^^^^^^^^^^^^^^^^^^^^
  File "C:\Users\Vaishnavi\AppData\Local\Programs\Python\Python311\Lib\site-packages\uvicorn\middleware\proxy_headers.py", line 60, in __call__
    return await self.app(scope, receive, send)
           ^^^^^^^^^^^^^^^^^^^^^^^^^^^^^^^^^^^^
  File "C:\Users\Vaishnavi\AppData\Local\Programs\Python\Python311\Lib\site-packages\fastapi\applications.py", line 1054, in __call__
    await super().__call__(scope, receive, send)
  File "C:\Users\Vaishnavi\AppData\Local\Programs\Python\Python311\Lib\site-packages\starlette\applications.py", line 112, in __call__
    await self.middleware_stack(scope, receive, send)
  File "C:\Users\Vaishnavi\AppData\Local\Programs\Python\Python311\Lib\site-packages\starlette\middleware\errors.py", line 187, in __call__
    raise exc
  File "C:\Users\Vaishnavi\AppData\Local\Programs\Python\Python311\Lib\site-packages\starlette\middleware\errors.py", line 165, in __call__
    await self.app(scope, receive, _send)
  File "C:\Users\Vaishnavi\AppData\Local\Programs\Python\Python311\Lib\site-packages\starlette\middleware\exceptions.py", line 62, in __call__
    await wrap_app_handling_exceptions(self.app, conn)(scope, receive, send)
  File "C:\Users\Vaishnavi\AppData\Local\Programs\Python\Python311\Lib\site-packages\starlette\_exception_handler.py", line 53, in wrapped_app
    raise exc
  File "C:\Users\Vaishnavi\AppData\Local\Programs\Python\Python311\Lib\site-packages\starlette\_exception_handler.py", line 42, in wrapped_app
    await app(scope, receive, sender)
  File "C:\Users\Vaishnavi\AppData\Local\Programs\Python\Python311\Lib\site-packages\starlette\routing.py", line 715, in __call__
    await self.middleware_stack(scope, receive, send)
  File "C:\Users\Vaishnavi\AppData\Local\Programs\Python\Python311\Lib\site-packages\starlette\routing.py", line 735, in app
    await route.handle(scope, receive, send)
  File "C:\Users\Vaishnavi\AppData\Local\Programs\Python\Python311\Lib\site-packages\starlette\routing.py", line 288, in handle
    await self.app(scope, receive, send)
  File "C:\Users\Vaishnavi\AppData\Local\Programs\Python\Python311\Lib\site-packages\starlette\routing.py", line 76, in app
    await wrap_app_handling_exceptions(app, request)(scope, receive, send)
  File "C:\Users\Vaishnavi\AppData\Local\Programs\Python\Python311\Lib\site-packages\starlette\_exception_handler.py", line 53, in wrapped_app
    raise exc
  File "C:\Users\Vaishnavi\AppData\Local\Programs\Python\Python311\Lib\site-packages\starlette\_exception_handler.py", line 42, in wrapped_app
    await app(scope, receive, sender)
  File "C:\Users\Vaishnavi\AppData\Local\Programs\Python\Python311\Lib\site-packages\starlette\routing.py", line 73, in app
    response = await f(request)
               ^^^^^^^^^^^^^^^^
  File "C:\Users\Vaishnavi\AppData\Local\Programs\Python\Python311\Lib\site-packages\fastapi\routing.py", line 301, in app
    raw_response = await run_endpoint_function(
                   ^^^^^^^^^^^^^^^^^^^^^^^^^^^^
  File "C:\Users\Vaishnavi\AppData\Local\Programs\Python\Python311\Lib\site-packages\fastapi\routing.py", line 214, in run_endpoint_function
    return await run_in_threadpool(dependant.call, **values)
           ^^^^^^^^^^^^^^^^^^^^^^^^^^^^^^^^^^^^^^^^^^^^^^^^^
  File "C:\Users\Vaishnavi\AppData\Local\Programs\Python\Python311\Lib\site-packages\starlette\concurrency.py", line 37, in run_in_threadpool
    return await anyio.to_thread.run_sync(func)
           ^^^^^^^^^^^^^^^^^^^^^^^^^^^^^^^^^^^^
  File "C:\Users\Vaishnavi\AppData\Local\Programs\Python\Python311\Lib\site-packages\anyio\to_thread.py", line 31, in run_sync
    return await get_asynclib().run_sync_in_worker_thread(
           ^^^^^^^^^^^^^^^^^^^^^^^^^^^^^^^^^^^^^^^^^^^^^^^
  File "C:\Users\Vaishnavi\AppData\Local\Programs\Python\Python311\Lib\site-packages\anyio\_backends\_asyncio.py", line 937, in run_sync_in_worker_thread
    return await future
           ^^^^^^^^^^^^
  File "C:\Users\Vaishnavi\AppData\Local\Programs\Python\Python311\Lib\site-packages\anyio\_backends\_asyncio.py", line 867, in run
    result = context.run(func, *args)
             ^^^^^^^^^^^^^^^^^^^^^^^^
  File "D:\CC\backend\main.py", line 52, in query_report
    response = get_insights(reports[report_name], query)
               ^^^^^^^^^^^^^^^^^^^^^^^^^^^^^^^^^^^^^^^^^
  File "D:\CC\backend\services.py", line 16, in get_insights
    response = openai.ChatCompletion.create(
               ^^^^^^^^^^^^^^^^^^^^^^^^^^^^^
  File "C:\Users\Vaishnavi\AppData\Local\Programs\Python\Python311\Lib\site-packages\openai\lib\_old_api.py", line 39, in __call__
    raise APIRemovedInV1(symbol=self._symbol)
openai.lib._old_api.APIRemovedInV1:

You tried to access openai.ChatCompletion, but this is no longer supported in openai>=1.0.0 - see the README at https://github.com/openai/openai-pythonfor the API.

You can run `openai migrate` to automatically upgrade your codebase to use the 1.0.0 interface.

Alternatively, you can pin your installation to the old version, e.g. `pip install openai==0.28`

A detailed migration guide is available here: https://github.com/openai/openai-python/discussions/742

WARNING:  StatReload detected changes in 'main.py'. Reloading...
INFO:     Shutting down
INFO:     Waiting for application shutdown.
INFO:     Application shutdown complete.
INFO:     Finished server process [20224]
INFO:     Started server process [2508]
INFO:     Waiting for application startup.
INFO:     Application startup complete.
INFO:     127.0.0.1:59310 - "POST /query/ HTTP/1.1" 422 Unprocessable Entity
INFO:     127.0.0.1:59322 - "POST /query/ HTTP/1.1" 422 Unprocessable Entity
INFO:     127.0.0.1:59327 - "POST /query/ HTTP/1.1" 422 Unprocessable Entity
INFO:     Shutting down
INFO:     Waiting for application shutdown.
INFO:     Application shutdown complete.
INFO:     Finished server process [2508]
INFO:     Stopping reloader process [17128]

D:\CC\backend>notepad .env

D:\CC\backend>uvicorn main:app --reload
INFO:     Will watch for changes in these directories: ['D:\\CC\\backend']
INFO:     Uvicorn running on http://127.0.0.1:8000 (Press CTRL+C to quit)
INFO:     Started reloader process [9516] using StatReload
INFO:     Started server process [5996]
INFO:     Waiting for application startup.
INFO:     Application startup complete.
INFO:     127.0.0.1:58686 - "POST /upload/ HTTP/1.1" 200 OK
INFO:     127.0.0.1:58687 - "GET /reports/ HTTP/1.1" 200 OK
INFO:     127.0.0.1:61950 - "POST /query/ HTTP/1.1" 422 Unprocessable Entity
WARNING:  StatReload detected changes in 'main.py'. Reloading...
INFO:     Shutting down
INFO:     Waiting for application shutdown.
INFO:     Application shutdown complete.
INFO:     Finished server process [5996]
Process SpawnProcess-2:
Traceback (most recent call last):
  File "C:\Users\Vaishnavi\AppData\Local\Programs\Python\Python311\Lib\multiprocessing\process.py", line 314, in _bootstrap
    self.run()
  File "C:\Users\Vaishnavi\AppData\Local\Programs\Python\Python311\Lib\multiprocessing\process.py", line 108, in run
    self._target(*self._args, **self._kwargs)
  File "C:\Users\Vaishnavi\AppData\Local\Programs\Python\Python311\Lib\site-packages\uvicorn\_subprocess.py", line 76, in subprocess_started
    config.configure_logging()
  File "C:\Users\Vaishnavi\AppData\Local\Programs\Python\Python311\Lib\site-packages\uvicorn\config.py", line 366, in configure_logging
    logging.config.dictConfig(self.log_config)
  File "C:\Users\Vaishnavi\AppData\Local\Programs\Python\Python311\Lib\logging\config.py", line 812, in dictConfig
    dictConfigClass(config).configure()
  File "C:\Users\Vaishnavi\AppData\Local\Programs\Python\Python311\Lib\logging\config.py", line 541, in configure
    formatters[name] = self.configure_formatter(
                       ^^^^^^^^^^^^^^^^^^^^^^^^^
  File "C:\Users\Vaishnavi\AppData\Local\Programs\Python\Python311\Lib\logging\config.py", line 653, in configure_formatter
    result = self.configure_custom(config)
             ^^^^^^^^^^^^^^^^^^^^^^^^^^^^^
  File "C:\Users\Vaishnavi\AppData\Local\Programs\Python\Python311\Lib\logging\config.py", line 472, in configure_custom
    result = c(**kwargs)
             ^^^^^^^^^^^
  File "C:\Users\Vaishnavi\AppData\Local\Programs\Python\Python311\Lib\site-packages\uvicorn\logging.py", line 32, in __init__
    def __init__(

KeyboardInterrupt
INFO:     Stopping reloader process [9516]

D:\CC\backend>

D:\CC\backend>uvicorn main:app --reload
INFO:     Will watch for changes in these directories: ['D:\\CC\\backend']
INFO:     Uvicorn running on http://127.0.0.1:8000 (Press CTRL+C to quit)
INFO:     Started reloader process [7052] using StatReload
INFO:     Started server process [15188]
INFO:     Waiting for application startup.
INFO:     Application startup complete.
INFO:     127.0.0.1:61986 - "POST /upload/ HTTP/1.1" 200 OK
INFO:     127.0.0.1:61987 - "GET /reports/ HTTP/1.1" 200 OK
INFO:     127.0.0.1:61990 - "POST /query/ HTTP/1.1" 500 Internal Server Error
ERROR:    Exception in ASGI application
Traceback (most recent call last):
  File "C:\Users\Vaishnavi\AppData\Local\Programs\Python\Python311\Lib\site-packages\uvicorn\protocols\http\h11_impl.py", line 403, in run_asgi
    result = await app(  # type: ignore[func-returns-value]
             ^^^^^^^^^^^^^^^^^^^^^^^^^^^^^^^^^^^^^^^^^^^^^^
  File "C:\Users\Vaishnavi\AppData\Local\Programs\Python\Python311\Lib\site-packages\uvicorn\middleware\proxy_headers.py", line 60, in __call__
    return await self.app(scope, receive, send)
           ^^^^^^^^^^^^^^^^^^^^^^^^^^^^^^^^^^^^
  File "C:\Users\Vaishnavi\AppData\Local\Programs\Python\Python311\Lib\site-packages\fastapi\applications.py", line 1054, in __call__
    await super().__call__(scope, receive, send)
  File "C:\Users\Vaishnavi\AppData\Local\Programs\Python\Python311\Lib\site-packages\starlette\applications.py", line 112, in __call__
    await self.middleware_stack(scope, receive, send)
  File "C:\Users\Vaishnavi\AppData\Local\Programs\Python\Python311\Lib\site-packages\starlette\middleware\errors.py", line 187, in __call__
    raise exc
  File "C:\Users\Vaishnavi\AppData\Local\Programs\Python\Python311\Lib\site-packages\starlette\middleware\errors.py", line 165, in __call__
    await self.app(scope, receive, _send)
  File "C:\Users\Vaishnavi\AppData\Local\Programs\Python\Python311\Lib\site-packages\starlette\middleware\exceptions.py", line 62, in __call__
    await wrap_app_handling_exceptions(self.app, conn)(scope, receive, send)
  File "C:\Users\Vaishnavi\AppData\Local\Programs\Python\Python311\Lib\site-packages\starlette\_exception_handler.py", line 53, in wrapped_app
    raise exc
  File "C:\Users\Vaishnavi\AppData\Local\Programs\Python\Python311\Lib\site-packages\starlette\_exception_handler.py", line 42, in wrapped_app
    await app(scope, receive, sender)
  File "C:\Users\Vaishnavi\AppData\Local\Programs\Python\Python311\Lib\site-packages\starlette\routing.py", line 715, in __call__
    await self.middleware_stack(scope, receive, send)
  File "C:\Users\Vaishnavi\AppData\Local\Programs\Python\Python311\Lib\site-packages\starlette\routing.py", line 735, in app
    await route.handle(scope, receive, send)
  File "C:\Users\Vaishnavi\AppData\Local\Programs\Python\Python311\Lib\site-packages\starlette\routing.py", line 288, in handle
    await self.app(scope, receive, send)
  File "C:\Users\Vaishnavi\AppData\Local\Programs\Python\Python311\Lib\site-packages\starlette\routing.py", line 76, in app
    await wrap_app_handling_exceptions(app, request)(scope, receive, send)
  File "C:\Users\Vaishnavi\AppData\Local\Programs\Python\Python311\Lib\site-packages\starlette\_exception_handler.py", line 53, in wrapped_app
    raise exc
  File "C:\Users\Vaishnavi\AppData\Local\Programs\Python\Python311\Lib\site-packages\starlette\_exception_handler.py", line 42, in wrapped_app
    await app(scope, receive, sender)
  File "C:\Users\Vaishnavi\AppData\Local\Programs\Python\Python311\Lib\site-packages\starlette\routing.py", line 73, in app
    response = await f(request)
               ^^^^^^^^^^^^^^^^
  File "C:\Users\Vaishnavi\AppData\Local\Programs\Python\Python311\Lib\site-packages\fastapi\routing.py", line 301, in app
    raw_response = await run_endpoint_function(
                   ^^^^^^^^^^^^^^^^^^^^^^^^^^^^
  File "C:\Users\Vaishnavi\AppData\Local\Programs\Python\Python311\Lib\site-packages\fastapi\routing.py", line 214, in run_endpoint_function
    return await run_in_threadpool(dependant.call, **values)
           ^^^^^^^^^^^^^^^^^^^^^^^^^^^^^^^^^^^^^^^^^^^^^^^^^
  File "C:\Users\Vaishnavi\AppData\Local\Programs\Python\Python311\Lib\site-packages\starlette\concurrency.py", line 37, in run_in_threadpool
    return await anyio.to_thread.run_sync(func)
           ^^^^^^^^^^^^^^^^^^^^^^^^^^^^^^^^^^^^
  File "C:\Users\Vaishnavi\AppData\Local\Programs\Python\Python311\Lib\site-packages\anyio\to_thread.py", line 31, in run_sync
    return await get_asynclib().run_sync_in_worker_thread(
           ^^^^^^^^^^^^^^^^^^^^^^^^^^^^^^^^^^^^^^^^^^^^^^^
  File "C:\Users\Vaishnavi\AppData\Local\Programs\Python\Python311\Lib\site-packages\anyio\_backends\_asyncio.py", line 937, in run_sync_in_worker_thread
    return await future
           ^^^^^^^^^^^^
  File "C:\Users\Vaishnavi\AppData\Local\Programs\Python\Python311\Lib\site-packages\anyio\_backends\_asyncio.py", line 867, in run
    result = context.run(func, *args)
             ^^^^^^^^^^^^^^^^^^^^^^^^
  File "D:\CC\backend\main.py", line 55, in query_report
    response = get_insights(reports[request.report_name], request.query)
               ^^^^^^^^^^^^^^^^^^^^^^^^^^^^^^^^^^^^^^^^^^^^^^^^^^^^^^^^^
  File "D:\CC\backend\services.py", line 16, in get_insights
    response = openai.ChatCompletion.create(
               ^^^^^^^^^^^^^^^^^^^^^^^^^^^^^
  File "C:\Users\Vaishnavi\AppData\Local\Programs\Python\Python311\Lib\site-packages\openai\lib\_old_api.py", line 39, in __call__
    raise APIRemovedInV1(symbol=self._symbol)
openai.lib._old_api.APIRemovedInV1:

You tried to access openai.ChatCompletion, but this is no longer supported in openai>=1.0.0 - see the README at https://github.com/openai/openai-pythonfor the API.

You can run `openai migrate` to automatically upgrade your codebase to use the 1.0.0 interface.

Alternatively, you can pin your installation to the old version, e.g. `pip install openai==0.28`

A detailed migration guide is available here: https://github.com/openai/openai-python/discussions/742

INFO:     127.0.0.1:61995 - "POST /query/ HTTP/1.1" 500 Internal Server Error
ERROR:    Exception in ASGI application
Traceback (most recent call last):
  File "C:\Users\Vaishnavi\AppData\Local\Programs\Python\Python311\Lib\site-packages\uvicorn\protocols\http\h11_impl.py", line 403, in run_asgi
    result = await app(  # type: ignore[func-returns-value]
             ^^^^^^^^^^^^^^^^^^^^^^^^^^^^^^^^^^^^^^^^^^^^^^
  File "C:\Users\Vaishnavi\AppData\Local\Programs\Python\Python311\Lib\site-packages\uvicorn\middleware\proxy_headers.py", line 60, in __call__
    return await self.app(scope, receive, send)
           ^^^^^^^^^^^^^^^^^^^^^^^^^^^^^^^^^^^^
  File "C:\Users\Vaishnavi\AppData\Local\Programs\Python\Python311\Lib\site-packages\fastapi\applications.py", line 1054, in __call__
    await super().__call__(scope, receive, send)
  File "C:\Users\Vaishnavi\AppData\Local\Programs\Python\Python311\Lib\site-packages\starlette\applications.py", line 112, in __call__
    await self.middleware_stack(scope, receive, send)
  File "C:\Users\Vaishnavi\AppData\Local\Programs\Python\Python311\Lib\site-packages\starlette\middleware\errors.py", line 187, in __call__
    raise exc
  File "C:\Users\Vaishnavi\AppData\Local\Programs\Python\Python311\Lib\site-packages\starlette\middleware\errors.py", line 165, in __call__
    await self.app(scope, receive, _send)
  File "C:\Users\Vaishnavi\AppData\Local\Programs\Python\Python311\Lib\site-packages\starlette\middleware\exceptions.py", line 62, in __call__
    await wrap_app_handling_exceptions(self.app, conn)(scope, receive, send)
  File "C:\Users\Vaishnavi\AppData\Local\Programs\Python\Python311\Lib\site-packages\starlette\_exception_handler.py", line 53, in wrapped_app
    raise exc
  File "C:\Users\Vaishnavi\AppData\Local\Programs\Python\Python311\Lib\site-packages\starlette\_exception_handler.py", line 42, in wrapped_app
    await app(scope, receive, sender)
  File "C:\Users\Vaishnavi\AppData\Local\Programs\Python\Python311\Lib\site-packages\starlette\routing.py", line 715, in __call__
    await self.middleware_stack(scope, receive, send)
  File "C:\Users\Vaishnavi\AppData\Local\Programs\Python\Python311\Lib\site-packages\starlette\routing.py", line 735, in app
    await route.handle(scope, receive, send)
  File "C:\Users\Vaishnavi\AppData\Local\Programs\Python\Python311\Lib\site-packages\starlette\routing.py", line 288, in handle
    await self.app(scope, receive, send)
  File "C:\Users\Vaishnavi\AppData\Local\Programs\Python\Python311\Lib\site-packages\starlette\routing.py", line 76, in app
    await wrap_app_handling_exceptions(app, request)(scope, receive, send)
  File "C:\Users\Vaishnavi\AppData\Local\Programs\Python\Python311\Lib\site-packages\starlette\_exception_handler.py", line 53, in wrapped_app
    raise exc
  File "C:\Users\Vaishnavi\AppData\Local\Programs\Python\Python311\Lib\site-packages\starlette\_exception_handler.py", line 42, in wrapped_app
    await app(scope, receive, sender)
  File "C:\Users\Vaishnavi\AppData\Local\Programs\Python\Python311\Lib\site-packages\starlette\routing.py", line 73, in app
    response = await f(request)
               ^^^^^^^^^^^^^^^^
  File "C:\Users\Vaishnavi\AppData\Local\Programs\Python\Python311\Lib\site-packages\fastapi\routing.py", line 301, in app
    raw_response = await run_endpoint_function(
                   ^^^^^^^^^^^^^^^^^^^^^^^^^^^^
  File "C:\Users\Vaishnavi\AppData\Local\Programs\Python\Python311\Lib\site-packages\fastapi\routing.py", line 214, in run_endpoint_function
    return await run_in_threadpool(dependant.call, **values)
           ^^^^^^^^^^^^^^^^^^^^^^^^^^^^^^^^^^^^^^^^^^^^^^^^^
  File "C:\Users\Vaishnavi\AppData\Local\Programs\Python\Python311\Lib\site-packages\starlette\concurrency.py", line 37, in run_in_threadpool
    return await anyio.to_thread.run_sync(func)
           ^^^^^^^^^^^^^^^^^^^^^^^^^^^^^^^^^^^^
  File "C:\Users\Vaishnavi\AppData\Local\Programs\Python\Python311\Lib\site-packages\anyio\to_thread.py", line 31, in run_sync
    return await get_asynclib().run_sync_in_worker_thread(
           ^^^^^^^^^^^^^^^^^^^^^^^^^^^^^^^^^^^^^^^^^^^^^^^
  File "C:\Users\Vaishnavi\AppData\Local\Programs\Python\Python311\Lib\site-packages\anyio\_backends\_asyncio.py", line 937, in run_sync_in_worker_thread
    return await future
           ^^^^^^^^^^^^
  File "C:\Users\Vaishnavi\AppData\Local\Programs\Python\Python311\Lib\site-packages\anyio\_backends\_asyncio.py", line 867, in run
    result = context.run(func, *args)
             ^^^^^^^^^^^^^^^^^^^^^^^^
  File "D:\CC\backend\main.py", line 55, in query_report
    response = get_insights(reports[request.report_name], request.query)
               ^^^^^^^^^^^^^^^^^^^^^^^^^^^^^^^^^^^^^^^^^^^^^^^^^^^^^^^^^
  File "D:\CC\backend\services.py", line 16, in get_insights
    response = openai.ChatCompletion.create(
               ^^^^^^^^^^^^^^^^^^^^^^^^^^^^^
  File "C:\Users\Vaishnavi\AppData\Local\Programs\Python\Python311\Lib\site-packages\openai\lib\_old_api.py", line 39, in __call__
    raise APIRemovedInV1(symbol=self._symbol)
openai.lib._old_api.APIRemovedInV1:

You tried to access openai.ChatCompletion, but this is no longer supported in openai>=1.0.0 - see the README at https://github.com/openai/openai-pythonfor the API.

You can run `openai migrate` to automatically upgrade your codebase to use the 1.0.0 interface.

Alternatively, you can pin your installation to the old version, e.g. `pip install openai==0.28`

A detailed migration guide is available here: https://github.com/openai/openai-python/discussions/742

INFO:     Shutting down
INFO:     Waiting for application shutdown.
INFO:     Application shutdown complete.
INFO:     Finished server process [15188]
INFO:     Stopping reloader process [7052]

D:\CC\backend>pip install openai==0.28.1
Collecting openai==0.28.1
  Downloading openai-0.28.1-py3-none-any.whl.metadata (11 kB)
Requirement already satisfied: requests>=2.20 in c:\users\vaishnavi\appdata\local\programs\python\python311\lib\site-packages (from openai==0.28.1) (2.32.3)
Requirement already satisfied: tqdm in c:\users\vaishnavi\appdata\local\programs\python\python311\lib\site-packages (from openai==0.28.1) (4.66.5)
Collecting aiohttp (from openai==0.28.1)
  Downloading aiohttp-3.11.12-cp311-cp311-win_amd64.whl.metadata (8.0 kB)
Requirement already satisfied: charset-normalizer<4,>=2 in c:\users\vaishnavi\appdata\local\programs\python\python311\lib\site-packages (from requests>=2.20->openai==0.28.1) (3.3.2)
Requirement already satisfied: idna<4,>=2.5 in c:\users\vaishnavi\appdata\local\programs\python\python311\lib\site-packages (from requests>=2.20->openai==0.28.1) (3.10)
Requirement already satisfied: urllib3<3,>=1.21.1 in c:\users\vaishnavi\appdata\local\programs\python\python311\lib\site-packages (from requests>=2.20->openai==0.28.1) (1.26.20)
Requirement already satisfied: certifi>=2017.4.17 in c:\users\vaishnavi\appdata\local\programs\python\python311\lib\site-packages (from requests>=2.20->openai==0.28.1) (2024.8.30)
Collecting aiohappyeyeballs>=2.3.0 (from aiohttp->openai==0.28.1)
  Downloading aiohappyeyeballs-2.4.6-py3-none-any.whl.metadata (5.9 kB)
Collecting aiosignal>=1.1.2 (from aiohttp->openai==0.28.1)
  Downloading aiosignal-1.3.2-py2.py3-none-any.whl.metadata (3.8 kB)
Requirement already satisfied: attrs>=17.3.0 in c:\users\vaishnavi\appdata\local\programs\python\python311\lib\site-packages (from aiohttp->openai==0.28.1) (24.2.0)
Collecting frozenlist>=1.1.1 (from aiohttp->openai==0.28.1)
  Downloading frozenlist-1.5.0-cp311-cp311-win_amd64.whl.metadata (14 kB)
Collecting multidict<7.0,>=4.5 (from aiohttp->openai==0.28.1)
  Downloading multidict-6.1.0-cp311-cp311-win_amd64.whl.metadata (5.1 kB)
Collecting propcache>=0.2.0 (from aiohttp->openai==0.28.1)
  Downloading propcache-0.2.1-cp311-cp311-win_amd64.whl.metadata (9.5 kB)
Collecting yarl<2.0,>=1.17.0 (from aiohttp->openai==0.28.1)
  Downloading yarl-1.18.3-cp311-cp311-win_amd64.whl.metadata (71 kB)
Requirement already satisfied: colorama in c:\users\vaishnavi\appdata\local\programs\python\python311\lib\site-packages (from tqdm->openai==0.28.1) (0.4.6)
Downloading openai-0.28.1-py3-none-any.whl (76 kB)
Downloading aiohttp-3.11.12-cp311-cp311-win_amd64.whl (442 kB)
Downloading aiohappyeyeballs-2.4.6-py3-none-any.whl (14 kB)
Downloading aiosignal-1.3.2-py2.py3-none-any.whl (7.6 kB)
Downloading frozenlist-1.5.0-cp311-cp311-win_amd64.whl (51 kB)
Downloading multidict-6.1.0-cp311-cp311-win_amd64.whl (28 kB)
Downloading propcache-0.2.1-cp311-cp311-win_amd64.whl (44 kB)
Downloading yarl-1.18.3-cp311-cp311-win_amd64.whl (91 kB)
Installing collected packages: propcache, multidict, frozenlist, aiohappyeyeballs, yarl, aiosignal, aiohttp, openai
  Attempting uninstall: openai
    Found existing installation: openai 1.63.0
    Uninstalling openai-1.63.0:
      Successfully uninstalled openai-1.63.0
Successfully installed aiohappyeyeballs-2.4.6 aiohttp-3.11.12 aiosignal-1.3.2 frozenlist-1.5.0 multidict-6.1.0 openai-0.28.1 propcache-0.2.1 yarl-1.18.3

[notice] A new release of pip is available: 24.2 -> 25.0.1
[notice] To update, run: C:\Users\Vaishnavi\AppData\Local\Programs\Python\Python311\python.exe -m pip install --upgrade pip

D:\CC\backend>uvicorn main:app --reload
INFO:     Will watch for changes in these directories: ['D:\\CC\\backend']
INFO:     Uvicorn running on http://127.0.0.1:8000 (Press CTRL+C to quit)
INFO:     Started reloader process [22512] using StatReload
INFO:     Started server process [22516]
INFO:     Waiting for application startup.
INFO:     Application startup complete.
INFO:     127.0.0.1:62025 - "POST /upload/ HTTP/1.1" 200 OK
INFO:     127.0.0.1:62027 - "GET /reports/ HTTP/1.1" 200 OK
INFO:     127.0.0.1:62030 - "POST /query/ HTTP/1.1" 500 Internal Server Error
ERROR:    Exception in ASGI application
Traceback (most recent call last):
  File "C:\Users\Vaishnavi\AppData\Local\Programs\Python\Python311\Lib\site-packages\uvicorn\protocols\http\h11_impl.py", line 403, in run_asgi
    result = await app(  # type: ignore[func-returns-value]
             ^^^^^^^^^^^^^^^^^^^^^^^^^^^^^^^^^^^^^^^^^^^^^^
  File "C:\Users\Vaishnavi\AppData\Local\Programs\Python\Python311\Lib\site-packages\uvicorn\middleware\proxy_headers.py", line 60, in __call__
    return await self.app(scope, receive, send)
           ^^^^^^^^^^^^^^^^^^^^^^^^^^^^^^^^^^^^
  File "C:\Users\Vaishnavi\AppData\Local\Programs\Python\Python311\Lib\site-packages\fastapi\applications.py", line 1054, in __call__
    await super().__call__(scope, receive, send)
  File "C:\Users\Vaishnavi\AppData\Local\Programs\Python\Python311\Lib\site-packages\starlette\applications.py", line 112, in __call__
    await self.middleware_stack(scope, receive, send)
  File "C:\Users\Vaishnavi\AppData\Local\Programs\Python\Python311\Lib\site-packages\starlette\middleware\errors.py", line 187, in __call__
    raise exc
  File "C:\Users\Vaishnavi\AppData\Local\Programs\Python\Python311\Lib\site-packages\starlette\middleware\errors.py", line 165, in __call__
    await self.app(scope, receive, _send)
  File "C:\Users\Vaishnavi\AppData\Local\Programs\Python\Python311\Lib\site-packages\starlette\middleware\exceptions.py", line 62, in __call__
    await wrap_app_handling_exceptions(self.app, conn)(scope, receive, send)
  File "C:\Users\Vaishnavi\AppData\Local\Programs\Python\Python311\Lib\site-packages\starlette\_exception_handler.py", line 53, in wrapped_app
    raise exc
  File "C:\Users\Vaishnavi\AppData\Local\Programs\Python\Python311\Lib\site-packages\starlette\_exception_handler.py", line 42, in wrapped_app
    await app(scope, receive, sender)
  File "C:\Users\Vaishnavi\AppData\Local\Programs\Python\Python311\Lib\site-packages\starlette\routing.py", line 715, in __call__
    await self.middleware_stack(scope, receive, send)
  File "C:\Users\Vaishnavi\AppData\Local\Programs\Python\Python311\Lib\site-packages\starlette\routing.py", line 735, in app
    await route.handle(scope, receive, send)
  File "C:\Users\Vaishnavi\AppData\Local\Programs\Python\Python311\Lib\site-packages\starlette\routing.py", line 288, in handle
    await self.app(scope, receive, send)
  File "C:\Users\Vaishnavi\AppData\Local\Programs\Python\Python311\Lib\site-packages\starlette\routing.py", line 76, in app
    await wrap_app_handling_exceptions(app, request)(scope, receive, send)
  File "C:\Users\Vaishnavi\AppData\Local\Programs\Python\Python311\Lib\site-packages\starlette\_exception_handler.py", line 53, in wrapped_app
    raise exc
  File "C:\Users\Vaishnavi\AppData\Local\Programs\Python\Python311\Lib\site-packages\starlette\_exception_handler.py", line 42, in wrapped_app
    await app(scope, receive, sender)
  File "C:\Users\Vaishnavi\AppData\Local\Programs\Python\Python311\Lib\site-packages\starlette\routing.py", line 73, in app
    response = await f(request)
               ^^^^^^^^^^^^^^^^
  File "C:\Users\Vaishnavi\AppData\Local\Programs\Python\Python311\Lib\site-packages\fastapi\routing.py", line 301, in app
    raw_response = await run_endpoint_function(
                   ^^^^^^^^^^^^^^^^^^^^^^^^^^^^
  File "C:\Users\Vaishnavi\AppData\Local\Programs\Python\Python311\Lib\site-packages\fastapi\routing.py", line 214, in run_endpoint_function
    return await run_in_threadpool(dependant.call, **values)
           ^^^^^^^^^^^^^^^^^^^^^^^^^^^^^^^^^^^^^^^^^^^^^^^^^
  File "C:\Users\Vaishnavi\AppData\Local\Programs\Python\Python311\Lib\site-packages\starlette\concurrency.py", line 37, in run_in_threadpool
    return await anyio.to_thread.run_sync(func)
           ^^^^^^^^^^^^^^^^^^^^^^^^^^^^^^^^^^^^
  File "C:\Users\Vaishnavi\AppData\Local\Programs\Python\Python311\Lib\site-packages\anyio\to_thread.py", line 31, in run_sync
    return await get_asynclib().run_sync_in_worker_thread(
           ^^^^^^^^^^^^^^^^^^^^^^^^^^^^^^^^^^^^^^^^^^^^^^^
  File "C:\Users\Vaishnavi\AppData\Local\Programs\Python\Python311\Lib\site-packages\anyio\_backends\_asyncio.py", line 937, in run_sync_in_worker_thread
    return await future
           ^^^^^^^^^^^^
  File "C:\Users\Vaishnavi\AppData\Local\Programs\Python\Python311\Lib\site-packages\anyio\_backends\_asyncio.py", line 867, in run
    result = context.run(func, *args)
             ^^^^^^^^^^^^^^^^^^^^^^^^
  File "D:\CC\backend\main.py", line 55, in query_report
    response = get_insights(reports[request.report_name], request.query)
               ^^^^^^^^^^^^^^^^^^^^^^^^^^^^^^^^^^^^^^^^^^^^^^^^^^^^^^^^^
  File "D:\CC\backend\services.py", line 16, in get_insights
    response = openai.ChatCompletion.create(
               ^^^^^^^^^^^^^^^^^^^^^^^^^^^^^
  File "C:\Users\Vaishnavi\AppData\Local\Programs\Python\Python311\Lib\site-packages\openai\api_resources\chat_completion.py", line 25, in create
    return super().create(*args, **kwargs)
           ^^^^^^^^^^^^^^^^^^^^^^^^^^^^^^^
  File "C:\Users\Vaishnavi\AppData\Local\Programs\Python\Python311\Lib\site-packages\openai\api_resources\abstract\engine_api_resource.py", line 155, in create
    response, _, api_key = requestor.request(
                           ^^^^^^^^^^^^^^^^^^
  File "C:\Users\Vaishnavi\AppData\Local\Programs\Python\Python311\Lib\site-packages\openai\api_requestor.py", line 299, in request
    resp, got_stream = self._interpret_response(result, stream)
                       ^^^^^^^^^^^^^^^^^^^^^^^^^^^^^^^^^^^^^^^^
  File "C:\Users\Vaishnavi\AppData\Local\Programs\Python\Python311\Lib\site-packages\openai\api_requestor.py", line 710, in _interpret_response
    self._interpret_response_line(
  File "C:\Users\Vaishnavi\AppData\Local\Programs\Python\Python311\Lib\site-packages\openai\api_requestor.py", line 775, in _interpret_response_line
    raise self.handle_error_response(
openai.error.InvalidRequestError: The model `gpt-4` does not exist or you do not have access to it.
WARNING:  StatReload detected changes in 'services.py'. Reloading...
INFO:     Shutting down
INFO:     Waiting for application shutdown.
INFO:     Application shutdown complete.
INFO:     Finished server process [22516]
INFO:     Started server process [10448]
INFO:     Waiting for application startup.
INFO:     Application startup complete.
ERROR:    Traceback (most recent call last):
  File "C:\Users\Vaishnavi\AppData\Local\Programs\Python\Python311\Lib\asyncio\runners.py", line 190, in run
    return runner.run(main)
           ^^^^^^^^^^^^^^^^
  File "C:\Users\Vaishnavi\AppData\Local\Programs\Python\Python311\Lib\asyncio\runners.py", line 118, in run
    return self._loop.run_until_complete(task)
           ^^^^^^^^^^^^^^^^^^^^^^^^^^^^^^^^^^^
  File "C:\Users\Vaishnavi\AppData\Local\Programs\Python\Python311\Lib\asyncio\base_events.py", line 640, in run_until_complete
    self.run_forever()
  File "C:\Users\Vaishnavi\AppData\Local\Programs\Python\Python311\Lib\asyncio\base_events.py", line 607, in run_forever
    self._run_once()
  File "C:\Users\Vaishnavi\AppData\Local\Programs\Python\Python311\Lib\asyncio\base_events.py", line 1922, in _run_once
    handle._run()
  File "C:\Users\Vaishnavi\AppData\Local\Programs\Python\Python311\Lib\asyncio\events.py", line 80, in _run
    self._context.run(self._callback, *self._args)
  File "C:\Users\Vaishnavi\AppData\Local\Programs\Python\Python311\Lib\site-packages\uvicorn\server.py", line 69, in serve
    with self.capture_signals():
  File "C:\Users\Vaishnavi\AppData\Local\Programs\Python\Python311\Lib\contextlib.py", line 144, in __exit__
    next(self.gen)
  File "C:\Users\Vaishnavi\AppData\Local\Programs\Python\Python311\Lib\site-packages\uvicorn\server.py", line 330, in capture_signals
    signal.raise_signal(captured_signal)
  File "C:\Users\Vaishnavi\AppData\Local\Programs\Python\Python311\Lib\asyncio\runners.py", line 157, in _on_sigint
    raise KeyboardInterrupt()
KeyboardInterrupt

During handling of the above exception, another exception occurred:

Traceback (most recent call last):
  File "C:\Users\Vaishnavi\AppData\Local\Programs\Python\Python311\Lib\site-packages\starlette\routing.py", line 700, in lifespan
    await receive()
  File "C:\Users\Vaishnavi\AppData\Local\Programs\Python\Python311\Lib\site-packages\uvicorn\lifespan\on.py", line 137, in receive
    return await self.receive_queue.get()
           ^^^^^^^^^^^^^^^^^^^^^^^^^^^^^^
  File "C:\Users\Vaishnavi\AppData\Local\Programs\Python\Python311\Lib\asyncio\queues.py", line 158, in get
    await getter
asyncio.exceptions.CancelledError

INFO:     Stopping reloader process [22512]

D:\CC\backend>uvicorn main:app --reload
INFO:     Will watch for changes in these directories: ['D:\\CC\\backend']
INFO:     Uvicorn running on http://127.0.0.1:8000 (Press CTRL+C to quit)
INFO:     Started reloader process [18988] using StatReload
INFO:     Started server process [22496]
INFO:     Waiting for application startup.
INFO:     Application startup complete.
INFO:     127.0.0.1:62076 - "POST /upload/ HTTP/1.1" 200 OK
INFO:     127.0.0.1:62078 - "GET /reports/ HTTP/1.1" 200 OK
INFO:     127.0.0.1:62080 - "POST /query/ HTTP/1.1" 500 Internal Server Error
ERROR:    Exception in ASGI application
Traceback (most recent call last):
  File "C:\Users\Vaishnavi\AppData\Local\Programs\Python\Python311\Lib\site-packages\uvicorn\protocols\http\h11_impl.py", line 403, in run_asgi
    result = await app(  # type: ignore[func-returns-value]
             ^^^^^^^^^^^^^^^^^^^^^^^^^^^^^^^^^^^^^^^^^^^^^^
  File "C:\Users\Vaishnavi\AppData\Local\Programs\Python\Python311\Lib\site-packages\uvicorn\middleware\proxy_headers.py", line 60, in __call__
    return await self.app(scope, receive, send)
           ^^^^^^^^^^^^^^^^^^^^^^^^^^^^^^^^^^^^
  File "C:\Users\Vaishnavi\AppData\Local\Programs\Python\Python311\Lib\site-packages\fastapi\applications.py", line 1054, in __call__
    await super().__call__(scope, receive, send)
  File "C:\Users\Vaishnavi\AppData\Local\Programs\Python\Python311\Lib\site-packages\starlette\applications.py", line 112, in __call__
    await self.middleware_stack(scope, receive, send)
  File "C:\Users\Vaishnavi\AppData\Local\Programs\Python\Python311\Lib\site-packages\starlette\middleware\errors.py", line 187, in __call__
    raise exc
  File "C:\Users\Vaishnavi\AppData\Local\Programs\Python\Python311\Lib\site-packages\starlette\middleware\errors.py", line 165, in __call__
    await self.app(scope, receive, _send)
  File "C:\Users\Vaishnavi\AppData\Local\Programs\Python\Python311\Lib\site-packages\starlette\middleware\exceptions.py", line 62, in __call__
    await wrap_app_handling_exceptions(self.app, conn)(scope, receive, send)
  File "C:\Users\Vaishnavi\AppData\Local\Programs\Python\Python311\Lib\site-packages\starlette\_exception_handler.py", line 53, in wrapped_app
    raise exc
  File "C:\Users\Vaishnavi\AppData\Local\Programs\Python\Python311\Lib\site-packages\starlette\_exception_handler.py", line 42, in wrapped_app
    await app(scope, receive, sender)
  File "C:\Users\Vaishnavi\AppData\Local\Programs\Python\Python311\Lib\site-packages\starlette\routing.py", line 715, in __call__
    await self.middleware_stack(scope, receive, send)
  File "C:\Users\Vaishnavi\AppData\Local\Programs\Python\Python311\Lib\site-packages\starlette\routing.py", line 735, in app
    await route.handle(scope, receive, send)
  File "C:\Users\Vaishnavi\AppData\Local\Programs\Python\Python311\Lib\site-packages\starlette\routing.py", line 288, in handle
    await self.app(scope, receive, send)
  File "C:\Users\Vaishnavi\AppData\Local\Programs\Python\Python311\Lib\site-packages\starlette\routing.py", line 76, in app
    await wrap_app_handling_exceptions(app, request)(scope, receive, send)
  File "C:\Users\Vaishnavi\AppData\Local\Programs\Python\Python311\Lib\site-packages\starlette\_exception_handler.py", line 53, in wrapped_app
    raise exc
  File "C:\Users\Vaishnavi\AppData\Local\Programs\Python\Python311\Lib\site-packages\starlette\_exception_handler.py", line 42, in wrapped_app
    await app(scope, receive, sender)
  File "C:\Users\Vaishnavi\AppData\Local\Programs\Python\Python311\Lib\site-packages\starlette\routing.py", line 73, in app
    response = await f(request)
               ^^^^^^^^^^^^^^^^
  File "C:\Users\Vaishnavi\AppData\Local\Programs\Python\Python311\Lib\site-packages\fastapi\routing.py", line 301, in app
    raw_response = await run_endpoint_function(
                   ^^^^^^^^^^^^^^^^^^^^^^^^^^^^
  File "C:\Users\Vaishnavi\AppData\Local\Programs\Python\Python311\Lib\site-packages\fastapi\routing.py", line 214, in run_endpoint_function
    return await run_in_threadpool(dependant.call, **values)
           ^^^^^^^^^^^^^^^^^^^^^^^^^^^^^^^^^^^^^^^^^^^^^^^^^
  File "C:\Users\Vaishnavi\AppData\Local\Programs\Python\Python311\Lib\site-packages\starlette\concurrency.py", line 37, in run_in_threadpool
    return await anyio.to_thread.run_sync(func)
           ^^^^^^^^^^^^^^^^^^^^^^^^^^^^^^^^^^^^
  File "C:\Users\Vaishnavi\AppData\Local\Programs\Python\Python311\Lib\site-packages\anyio\to_thread.py", line 31, in run_sync
    return await get_asynclib().run_sync_in_worker_thread(
           ^^^^^^^^^^^^^^^^^^^^^^^^^^^^^^^^^^^^^^^^^^^^^^^
  File "C:\Users\Vaishnavi\AppData\Local\Programs\Python\Python311\Lib\site-packages\anyio\_backends\_asyncio.py", line 937, in run_sync_in_worker_thread
    return await future
           ^^^^^^^^^^^^
  File "C:\Users\Vaishnavi\AppData\Local\Programs\Python\Python311\Lib\site-packages\anyio\_backends\_asyncio.py", line 867, in run
    result = context.run(func, *args)
             ^^^^^^^^^^^^^^^^^^^^^^^^
  File "D:\CC\backend\main.py", line 55, in query_report
    response = get_insights(reports[request.report_name], request.query)
               ^^^^^^^^^^^^^^^^^^^^^^^^^^^^^^^^^^^^^^^^^^^^^^^^^^^^^^^^^
  File "D:\CC\backend\services.py", line 16, in get_insights
    response = openai.ChatCompletion.create(
               ^^^^^^^^^^^^^^^^^^^^^^^^^^^^^
  File "C:\Users\Vaishnavi\AppData\Local\Programs\Python\Python311\Lib\site-packages\openai\api_resources\chat_completion.py", line 25, in create
    return super().create(*args, **kwargs)
           ^^^^^^^^^^^^^^^^^^^^^^^^^^^^^^^
  File "C:\Users\Vaishnavi\AppData\Local\Programs\Python\Python311\Lib\site-packages\openai\api_resources\abstract\engine_api_resource.py", line 155, in create
    response, _, api_key = requestor.request(
                           ^^^^^^^^^^^^^^^^^^
  File "C:\Users\Vaishnavi\AppData\Local\Programs\Python\Python311\Lib\site-packages\openai\api_requestor.py", line 299, in request
    resp, got_stream = self._interpret_response(result, stream)
                       ^^^^^^^^^^^^^^^^^^^^^^^^^^^^^^^^^^^^^^^^
  File "C:\Users\Vaishnavi\AppData\Local\Programs\Python\Python311\Lib\site-packages\openai\api_requestor.py", line 710, in _interpret_response
    self._interpret_response_line(
  File "C:\Users\Vaishnavi\AppData\Local\Programs\Python\Python311\Lib\site-packages\openai\api_requestor.py", line 775, in _interpret_response_line
    raise self.handle_error_response(
openai.error.RateLimitError: You exceeded your current quota, please check your plan and billing details. For more information on this error, read the docs: https://platform.openai.com/docs/guides/error-codes/api-errors.
INFO:     Shutting down
INFO:     Waiting for application shutdown.
INFO:     Application shutdown complete.
INFO:     Finished server process [22496]
INFO:     Stopping reloader process [18988]

D:\CC\backend>notepad .env

D:\CC\backend>uvicorn main:app --reload
INFO:     Will watch for changes in these directories: ['D:\\CC\\backend']
INFO:     Uvicorn running on http://127.0.0.1:8000 (Press CTRL+C to quit)
INFO:     Started reloader process [10992] using StatReload
INFO:     Started server process [15720]
INFO:     Waiting for application startup.
INFO:     Application startup complete.
INFO:     127.0.0.1:62207 - "POST /upload/ HTTP/1.1" 200 OK
INFO:     127.0.0.1:62208 - "GET /reports/ HTTP/1.1" 200 OK
INFO:     127.0.0.1:62209 - "POST /query/ HTTP/1.1" 500 Internal Server Error
ERROR:    Exception in ASGI application
Traceback (most recent call last):
  File "C:\Users\Vaishnavi\AppData\Local\Programs\Python\Python311\Lib\site-packages\uvicorn\protocols\http\h11_impl.py", line 403, in run_asgi
    result = await app(  # type: ignore[func-returns-value]
             ^^^^^^^^^^^^^^^^^^^^^^^^^^^^^^^^^^^^^^^^^^^^^^
  File "C:\Users\Vaishnavi\AppData\Local\Programs\Python\Python311\Lib\site-packages\uvicorn\middleware\proxy_headers.py", line 60, in __call__
    return await self.app(scope, receive, send)
           ^^^^^^^^^^^^^^^^^^^^^^^^^^^^^^^^^^^^
  File "C:\Users\Vaishnavi\AppData\Local\Programs\Python\Python311\Lib\site-packages\fastapi\applications.py", line 1054, in __call__
    await super().__call__(scope, receive, send)
  File "C:\Users\Vaishnavi\AppData\Local\Programs\Python\Python311\Lib\site-packages\starlette\applications.py", line 112, in __call__
    await self.middleware_stack(scope, receive, send)
  File "C:\Users\Vaishnavi\AppData\Local\Programs\Python\Python311\Lib\site-packages\starlette\middleware\errors.py", line 187, in __call__
    raise exc
  File "C:\Users\Vaishnavi\AppData\Local\Programs\Python\Python311\Lib\site-packages\starlette\middleware\errors.py", line 165, in __call__
    await self.app(scope, receive, _send)
  File "C:\Users\Vaishnavi\AppData\Local\Programs\Python\Python311\Lib\site-packages\starlette\middleware\exceptions.py", line 62, in __call__
    await wrap_app_handling_exceptions(self.app, conn)(scope, receive, send)
  File "C:\Users\Vaishnavi\AppData\Local\Programs\Python\Python311\Lib\site-packages\starlette\_exception_handler.py", line 53, in wrapped_app
    raise exc
  File "C:\Users\Vaishnavi\AppData\Local\Programs\Python\Python311\Lib\site-packages\starlette\_exception_handler.py", line 42, in wrapped_app
    await app(scope, receive, sender)
  File "C:\Users\Vaishnavi\AppData\Local\Programs\Python\Python311\Lib\site-packages\starlette\routing.py", line 715, in __call__
    await self.middleware_stack(scope, receive, send)
  File "C:\Users\Vaishnavi\AppData\Local\Programs\Python\Python311\Lib\site-packages\starlette\routing.py", line 735, in app
    await route.handle(scope, receive, send)
  File "C:\Users\Vaishnavi\AppData\Local\Programs\Python\Python311\Lib\site-packages\starlette\routing.py", line 288, in handle
    await self.app(scope, receive, send)
  File "C:\Users\Vaishnavi\AppData\Local\Programs\Python\Python311\Lib\site-packages\starlette\routing.py", line 76, in app
    await wrap_app_handling_exceptions(app, request)(scope, receive, send)
  File "C:\Users\Vaishnavi\AppData\Local\Programs\Python\Python311\Lib\site-packages\starlette\_exception_handler.py", line 53, in wrapped_app
    raise exc
  File "C:\Users\Vaishnavi\AppData\Local\Programs\Python\Python311\Lib\site-packages\starlette\_exception_handler.py", line 42, in wrapped_app
    await app(scope, receive, sender)
  File "C:\Users\Vaishnavi\AppData\Local\Programs\Python\Python311\Lib\site-packages\starlette\routing.py", line 73, in app
    response = await f(request)
               ^^^^^^^^^^^^^^^^
  File "C:\Users\Vaishnavi\AppData\Local\Programs\Python\Python311\Lib\site-packages\fastapi\routing.py", line 301, in app
    raw_response = await run_endpoint_function(
                   ^^^^^^^^^^^^^^^^^^^^^^^^^^^^
  File "C:\Users\Vaishnavi\AppData\Local\Programs\Python\Python311\Lib\site-packages\fastapi\routing.py", line 214, in run_endpoint_function
    return await run_in_threadpool(dependant.call, **values)
           ^^^^^^^^^^^^^^^^^^^^^^^^^^^^^^^^^^^^^^^^^^^^^^^^^
  File "C:\Users\Vaishnavi\AppData\Local\Programs\Python\Python311\Lib\site-packages\starlette\concurrency.py", line 37, in run_in_threadpool
    return await anyio.to_thread.run_sync(func)
           ^^^^^^^^^^^^^^^^^^^^^^^^^^^^^^^^^^^^
  File "C:\Users\Vaishnavi\AppData\Local\Programs\Python\Python311\Lib\site-packages\anyio\to_thread.py", line 31, in run_sync
    return await get_asynclib().run_sync_in_worker_thread(
           ^^^^^^^^^^^^^^^^^^^^^^^^^^^^^^^^^^^^^^^^^^^^^^^
  File "C:\Users\Vaishnavi\AppData\Local\Programs\Python\Python311\Lib\site-packages\anyio\_backends\_asyncio.py", line 937, in run_sync_in_worker_thread
    return await future
           ^^^^^^^^^^^^
  File "C:\Users\Vaishnavi\AppData\Local\Programs\Python\Python311\Lib\site-packages\anyio\_backends\_asyncio.py", line 867, in run
    result = context.run(func, *args)
             ^^^^^^^^^^^^^^^^^^^^^^^^
  File "D:\CC\backend\main.py", line 55, in query_report
    response = get_insights(reports[request.report_name], request.query)
               ^^^^^^^^^^^^^^^^^^^^^^^^^^^^^^^^^^^^^^^^^^^^^^^^^^^^^^^^^
  File "D:\CC\backend\services.py", line 16, in get_insights
    response = openai.ChatCompletion.create(
               ^^^^^^^^^^^^^^^^^^^^^^^^^^^^^
  File "C:\Users\Vaishnavi\AppData\Local\Programs\Python\Python311\Lib\site-packages\openai\api_resources\chat_completion.py", line 25, in create
    return super().create(*args, **kwargs)
           ^^^^^^^^^^^^^^^^^^^^^^^^^^^^^^^
  File "C:\Users\Vaishnavi\AppData\Local\Programs\Python\Python311\Lib\site-packages\openai\api_resources\abstract\engine_api_resource.py", line 155, in create
    response, _, api_key = requestor.request(
                           ^^^^^^^^^^^^^^^^^^
  File "C:\Users\Vaishnavi\AppData\Local\Programs\Python\Python311\Lib\site-packages\openai\api_requestor.py", line 299, in request
    resp, got_stream = self._interpret_response(result, stream)
                       ^^^^^^^^^^^^^^^^^^^^^^^^^^^^^^^^^^^^^^^^
  File "C:\Users\Vaishnavi\AppData\Local\Programs\Python\Python311\Lib\site-packages\openai\api_requestor.py", line 710, in _interpret_response
    self._interpret_response_line(
  File "C:\Users\Vaishnavi\AppData\Local\Programs\Python\Python311\Lib\site-packages\openai\api_requestor.py", line 775, in _interpret_response_line
    raise self.handle_error_response(
openai.error.InvalidRequestError: The model `gpt-4` does not exist or you do not have access to it.
WARNING:  StatReload detected changes in 'services.py'. Reloading...
INFO:     Shutting down
INFO:     Waiting for application shutdown.
INFO:     Application shutdown complete.
INFO:     Finished server process [15720]
INFO:     Started server process [12224]
INFO:     Waiting for application startup.
INFO:     Application startup complete.
INFO:     127.0.0.1:62214 - "POST /query/ HTTP/1.1" 404 Not Found
INFO:     127.0.0.1:62216 - "POST /upload/ HTTP/1.1" 200 OK
INFO:     127.0.0.1:62218 - "GET /reports/ HTTP/1.1" 200 OK
INFO:     127.0.0.1:62219 - "POST /query/ HTTP/1.1" 500 Internal Server Error
ERROR:    Exception in ASGI application
Traceback (most recent call last):
  File "C:\Users\Vaishnavi\AppData\Local\Programs\Python\Python311\Lib\site-packages\uvicorn\protocols\http\h11_impl.py", line 403, in run_asgi
    result = await app(  # type: ignore[func-returns-value]
             ^^^^^^^^^^^^^^^^^^^^^^^^^^^^^^^^^^^^^^^^^^^^^^
  File "C:\Users\Vaishnavi\AppData\Local\Programs\Python\Python311\Lib\site-packages\uvicorn\middleware\proxy_headers.py", line 60, in __call__
    return await self.app(scope, receive, send)
           ^^^^^^^^^^^^^^^^^^^^^^^^^^^^^^^^^^^^
  File "C:\Users\Vaishnavi\AppData\Local\Programs\Python\Python311\Lib\site-packages\fastapi\applications.py", line 1054, in __call__
    await super().__call__(scope, receive, send)
  File "C:\Users\Vaishnavi\AppData\Local\Programs\Python\Python311\Lib\site-packages\starlette\applications.py", line 112, in __call__
    await self.middleware_stack(scope, receive, send)
  File "C:\Users\Vaishnavi\AppData\Local\Programs\Python\Python311\Lib\site-packages\starlette\middleware\errors.py", line 187, in __call__
    raise exc
  File "C:\Users\Vaishnavi\AppData\Local\Programs\Python\Python311\Lib\site-packages\starlette\middleware\errors.py", line 165, in __call__
    await self.app(scope, receive, _send)
  File "C:\Users\Vaishnavi\AppData\Local\Programs\Python\Python311\Lib\site-packages\starlette\middleware\exceptions.py", line 62, in __call__
    await wrap_app_handling_exceptions(self.app, conn)(scope, receive, send)
  File "C:\Users\Vaishnavi\AppData\Local\Programs\Python\Python311\Lib\site-packages\starlette\_exception_handler.py", line 53, in wrapped_app
    raise exc
  File "C:\Users\Vaishnavi\AppData\Local\Programs\Python\Python311\Lib\site-packages\starlette\_exception_handler.py", line 42, in wrapped_app
    await app(scope, receive, sender)
  File "C:\Users\Vaishnavi\AppData\Local\Programs\Python\Python311\Lib\site-packages\starlette\routing.py", line 715, in __call__
    await self.middleware_stack(scope, receive, send)
  File "C:\Users\Vaishnavi\AppData\Local\Programs\Python\Python311\Lib\site-packages\starlette\routing.py", line 735, in app
    await route.handle(scope, receive, send)
  File "C:\Users\Vaishnavi\AppData\Local\Programs\Python\Python311\Lib\site-packages\starlette\routing.py", line 288, in handle
    await self.app(scope, receive, send)
  File "C:\Users\Vaishnavi\AppData\Local\Programs\Python\Python311\Lib\site-packages\starlette\routing.py", line 76, in app
    await wrap_app_handling_exceptions(app, request)(scope, receive, send)
  File "C:\Users\Vaishnavi\AppData\Local\Programs\Python\Python311\Lib\site-packages\starlette\_exception_handler.py", line 53, in wrapped_app
    raise exc
  File "C:\Users\Vaishnavi\AppData\Local\Programs\Python\Python311\Lib\site-packages\starlette\_exception_handler.py", line 42, in wrapped_app
    await app(scope, receive, sender)
  File "C:\Users\Vaishnavi\AppData\Local\Programs\Python\Python311\Lib\site-packages\starlette\routing.py", line 73, in app
    response = await f(request)
               ^^^^^^^^^^^^^^^^
  File "C:\Users\Vaishnavi\AppData\Local\Programs\Python\Python311\Lib\site-packages\fastapi\routing.py", line 301, in app
    raw_response = await run_endpoint_function(
                   ^^^^^^^^^^^^^^^^^^^^^^^^^^^^
  File "C:\Users\Vaishnavi\AppData\Local\Programs\Python\Python311\Lib\site-packages\fastapi\routing.py", line 214, in run_endpoint_function
    return await run_in_threadpool(dependant.call, **values)
           ^^^^^^^^^^^^^^^^^^^^^^^^^^^^^^^^^^^^^^^^^^^^^^^^^
  File "C:\Users\Vaishnavi\AppData\Local\Programs\Python\Python311\Lib\site-packages\starlette\concurrency.py", line 37, in run_in_threadpool
    return await anyio.to_thread.run_sync(func)
           ^^^^^^^^^^^^^^^^^^^^^^^^^^^^^^^^^^^^
  File "C:\Users\Vaishnavi\AppData\Local\Programs\Python\Python311\Lib\site-packages\anyio\to_thread.py", line 31, in run_sync
    return await get_asynclib().run_sync_in_worker_thread(
           ^^^^^^^^^^^^^^^^^^^^^^^^^^^^^^^^^^^^^^^^^^^^^^^
  File "C:\Users\Vaishnavi\AppData\Local\Programs\Python\Python311\Lib\site-packages\anyio\_backends\_asyncio.py", line 937, in run_sync_in_worker_thread
    return await future
           ^^^^^^^^^^^^
  File "C:\Users\Vaishnavi\AppData\Local\Programs\Python\Python311\Lib\site-packages\anyio\_backends\_asyncio.py", line 867, in run
    result = context.run(func, *args)
             ^^^^^^^^^^^^^^^^^^^^^^^^
  File "D:\CC\backend\main.py", line 55, in query_report
    response = get_insights(reports[request.report_name], request.query)
               ^^^^^^^^^^^^^^^^^^^^^^^^^^^^^^^^^^^^^^^^^^^^^^^^^^^^^^^^^
  File "D:\CC\backend\services.py", line 16, in get_insights
    response = openai.ChatCompletion.create(
               ^^^^^^^^^^^^^^^^^^^^^^^^^^^^^
  File "C:\Users\Vaishnavi\AppData\Local\Programs\Python\Python311\Lib\site-packages\openai\api_resources\chat_completion.py", line 25, in create
    return super().create(*args, **kwargs)
           ^^^^^^^^^^^^^^^^^^^^^^^^^^^^^^^
  File "C:\Users\Vaishnavi\AppData\Local\Programs\Python\Python311\Lib\site-packages\openai\api_resources\abstract\engine_api_resource.py", line 155, in create
    response, _, api_key = requestor.request(
                           ^^^^^^^^^^^^^^^^^^
  File "C:\Users\Vaishnavi\AppData\Local\Programs\Python\Python311\Lib\site-packages\openai\api_requestor.py", line 299, in request
    resp, got_stream = self._interpret_response(result, stream)
                       ^^^^^^^^^^^^^^^^^^^^^^^^^^^^^^^^^^^^^^^^
  File "C:\Users\Vaishnavi\AppData\Local\Programs\Python\Python311\Lib\site-packages\openai\api_requestor.py", line 710, in _interpret_response
    self._interpret_response_line(
  File "C:\Users\Vaishnavi\AppData\Local\Programs\Python\Python311\Lib\site-packages\openai\api_requestor.py", line 775, in _interpret_response_line
    raise self.handle_error_response(
openai.error.RateLimitError: You exceeded your current quota, please check your plan and billing details. For more information on this error, read the docs: https://platform.openai.com/docs/guides/error-codes/api-errors.
INFO:     Shutting down
INFO:     Waiting for application shutdown.
INFO:     Application shutdown complete.
INFO:     Finished server process [12224]
INFO:     Stopping reloader process [10992]

D:\CC\backend>

D:\CC\backend>pip install transformers torch sentencepiece
Requirement already satisfied: transformers in c:\users\vaishnavi\appdata\local\programs\python\python311\lib\site-packages (4.48.3)
Requirement already satisfied: torch in c:\users\vaishnavi\appdata\local\programs\python\python311\lib\site-packages (2.5.1)
Requirement already satisfied: sentencepiece in c:\users\vaishnavi\appdata\local\programs\python\python311\lib\site-packages (0.2.0)
Requirement already satisfied: filelock in c:\users\vaishnavi\appdata\local\programs\python\python311\lib\site-packages (from transformers) (3.16.1)
Requirement already satisfied: huggingface-hub<1.0,>=0.24.0 in c:\users\vaishnavi\appdata\local\programs\python\python311\lib\site-packages (from transformers) (0.28.1)
Requirement already satisfied: numpy>=1.17 in c:\users\vaishnavi\appdata\local\programs\python\python311\lib\site-packages (from transformers) (1.26.4)
Requirement already satisfied: packaging>=20.0 in c:\users\vaishnavi\appdata\roaming\python\python311\site-packages (from transformers) (23.2)
Requirement already satisfied: pyyaml>=5.1 in c:\users\vaishnavi\appdata\local\programs\python\python311\lib\site-packages (from transformers) (6.0)
Requirement already satisfied: regex!=2019.12.17 in c:\users\vaishnavi\appdata\local\programs\python\python311\lib\site-packages (from transformers) (2024.11.6)
Requirement already satisfied: requests in c:\users\vaishnavi\appdata\local\programs\python\python311\lib\site-packages (from transformers) (2.32.3)
Requirement already satisfied: tokenizers<0.22,>=0.21 in c:\users\vaishnavi\appdata\local\programs\python\python311\lib\site-packages (from transformers) (0.21.0)
Requirement already satisfied: safetensors>=0.4.1 in c:\users\vaishnavi\appdata\local\programs\python\python311\lib\site-packages (from transformers) (0.5.2)
Requirement already satisfied: tqdm>=4.27 in c:\users\vaishnavi\appdata\local\programs\python\python311\lib\site-packages (from transformers) (4.66.5)
Requirement already satisfied: typing-extensions>=4.8.0 in c:\users\vaishnavi\appdata\local\programs\python\python311\lib\site-packages (from torch) (4.12.2)
Requirement already satisfied: networkx in c:\users\vaishnavi\appdata\local\programs\python\python311\lib\site-packages (from torch) (3.3)
Requirement already satisfied: jinja2 in c:\users\vaishnavi\appdata\local\programs\python\python311\lib\site-packages (from torch) (3.1.2)
Requirement already satisfied: fsspec in c:\users\vaishnavi\appdata\local\programs\python\python311\lib\site-packages (from torch) (2024.10.0)
Requirement already satisfied: sympy==1.13.1 in c:\users\vaishnavi\appdata\local\programs\python\python311\lib\site-packages (from torch) (1.13.1)
Requirement already satisfied: mpmath<1.4,>=1.1.0 in c:\users\vaishnavi\appdata\local\programs\python\python311\lib\site-packages (from sympy==1.13.1->torch) (1.3.0)
Requirement already satisfied: colorama in c:\users\vaishnavi\appdata\local\programs\python\python311\lib\site-packages (from tqdm>=4.27->transformers)(0.4.6)
Requirement already satisfied: MarkupSafe>=2.0 in c:\users\vaishnavi\appdata\local\programs\python\python311\lib\site-packages (from jinja2->torch) (2.1.5)
Requirement already satisfied: charset-normalizer<4,>=2 in c:\users\vaishnavi\appdata\local\programs\python\python311\lib\site-packages (from requests->transformers) (3.3.2)
Requirement already satisfied: idna<4,>=2.5 in c:\users\vaishnavi\appdata\local\programs\python\python311\lib\site-packages (from requests->transformers) (3.10)
Requirement already satisfied: urllib3<3,>=1.21.1 in c:\users\vaishnavi\appdata\local\programs\python\python311\lib\site-packages (from requests->transformers) (1.26.20)
Requirement already satisfied: certifi>=2017.4.17 in c:\users\vaishnavi\appdata\local\programs\python\python311\lib\site-packages (from requests->transformers) (2024.8.30)

[notice] A new release of pip is available: 24.2 -> 25.0.1
[notice] To update, run: C:\Users\Vaishnavi\AppData\Local\Programs\Python\Python311\python.exe -m pip install --upgrade pip

D:\CC\backend>uvicorn main:app --reload
INFO:     Will watch for changes in these directories: ['D:\\CC\\backend']
INFO:     Uvicorn running on http://127.0.0.1:8000 (Press CTRL+C to quit)
INFO:     Started reloader process [12992] using StatReload
Process SpawnProcess-1:
Traceback (most recent call last):
  File "C:\Users\Vaishnavi\AppData\Local\Programs\Python\Python311\Lib\multiprocessing\process.py", line 314, in _bootstrap
    self.run()
  File "C:\Users\Vaishnavi\AppData\Local\Programs\Python\Python311\Lib\multiprocessing\process.py", line 108, in run
    self._target(*self._args, **self._kwargs)
  File "C:\Users\Vaishnavi\AppData\Local\Programs\Python\Python311\Lib\site-packages\uvicorn\_subprocess.py", line 80, in subprocess_started
    target(sockets=sockets)
  File "C:\Users\Vaishnavi\AppData\Local\Programs\Python\Python311\Lib\site-packages\uvicorn\server.py", line 66, in run
    return asyncio.run(self.serve(sockets=sockets))
           ^^^^^^^^^^^^^^^^^^^^^^^^^^^^^^^^^^^^^^^^
  File "C:\Users\Vaishnavi\AppData\Local\Programs\Python\Python311\Lib\asyncio\runners.py", line 190, in run
    return runner.run(main)
           ^^^^^^^^^^^^^^^^
  File "C:\Users\Vaishnavi\AppData\Local\Programs\Python\Python311\Lib\asyncio\runners.py", line 118, in run
    return self._loop.run_until_complete(task)
           ^^^^^^^^^^^^^^^^^^^^^^^^^^^^^^^^^^^
  File "C:\Users\Vaishnavi\AppData\Local\Programs\Python\Python311\Lib\asyncio\base_events.py", line 653, in run_until_complete
    return future.result()
           ^^^^^^^^^^^^^^^
  File "C:\Users\Vaishnavi\AppData\Local\Programs\Python\Python311\Lib\site-packages\uvicorn\server.py", line 70, in serve
    await self._serve(sockets)
  File "C:\Users\Vaishnavi\AppData\Local\Programs\Python\Python311\Lib\site-packages\uvicorn\server.py", line 77, in _serve
    config.load()
  File "C:\Users\Vaishnavi\AppData\Local\Programs\Python\Python311\Lib\site-packages\uvicorn\config.py", line 435, in load
    self.loaded_app = import_from_string(self.app)
                      ^^^^^^^^^^^^^^^^^^^^^^^^^^^^
  File "C:\Users\Vaishnavi\AppData\Local\Programs\Python\Python311\Lib\site-packages\uvicorn\importer.py", line 19, in import_from_string
    module = importlib.import_module(module_str)
             ^^^^^^^^^^^^^^^^^^^^^^^^^^^^^^^^^^^
  File "C:\Users\Vaishnavi\AppData\Local\Programs\Python\Python311\Lib\importlib\__init__.py", line 126, in import_module
    return _bootstrap._gcd_import(name[level:], package, level)
           ^^^^^^^^^^^^^^^^^^^^^^^^^^^^^^^^^^^^^^^^^^^^^^^^^^^^
  File "<frozen importlib._bootstrap>", line 1206, in _gcd_import
  File "<frozen importlib._bootstrap>", line 1178, in _find_and_load
  File "<frozen importlib._bootstrap>", line 1149, in _find_and_load_unlocked
  File "<frozen importlib._bootstrap>", line 690, in _load_unlocked
  File "<frozen importlib._bootstrap_external>", line 940, in exec_module
  File "<frozen importlib._bootstrap>", line 241, in _call_with_frames_removed
  File "D:\CC\backend\main.py", line 2, in <module>
    from services import get_insights
  File "D:\CC\backend\services.py", line 21
    {"role": "user", "content": prompt}],
IndentationError: unexpected indent
WARNING:  StatReload detected changes in 'services.py'. Reloading...
Process SpawnProcess-2:
Traceback (most recent call last):
  File "C:\Users\Vaishnavi\AppData\Local\Programs\Python\Python311\Lib\site-packages\huggingface_hub\utils\_http.py", line 406, in hf_raise_for_status
    response.raise_for_status()
  File "C:\Users\Vaishnavi\AppData\Local\Programs\Python\Python311\Lib\site-packages\requests\models.py", line 1024, in raise_for_status
    raise HTTPError(http_error_msg, response=self)
requests.exceptions.HTTPError: 401 Client Error: Unauthorized for url: https://huggingface.co/meta-llama/Llama-2-7b-chat-hf/resolve/main/config.json

The above exception was the direct cause of the following exception:

Traceback (most recent call last):
  File "C:\Users\Vaishnavi\AppData\Local\Programs\Python\Python311\Lib\site-packages\transformers\utils\hub.py", line 403, in cached_file
    resolved_file = hf_hub_download(
                    ^^^^^^^^^^^^^^^^
  File "C:\Users\Vaishnavi\AppData\Local\Programs\Python\Python311\Lib\site-packages\huggingface_hub\utils\_validators.py", line 114, in _inner_fn
    return fn(*args, **kwargs)
           ^^^^^^^^^^^^^^^^^^^
  File "C:\Users\Vaishnavi\AppData\Local\Programs\Python\Python311\Lib\site-packages\huggingface_hub\file_download.py", line 860, in hf_hub_download
    return _hf_hub_download_to_cache_dir(
           ^^^^^^^^^^^^^^^^^^^^^^^^^^^^^^
  File "C:\Users\Vaishnavi\AppData\Local\Programs\Python\Python311\Lib\site-packages\huggingface_hub\file_download.py", line 967, in _hf_hub_download_to_cache_dir
    _raise_on_head_call_error(head_call_error, force_download, local_files_only)
  File "C:\Users\Vaishnavi\AppData\Local\Programs\Python\Python311\Lib\site-packages\huggingface_hub\file_download.py", line 1482, in _raise_on_head_call_error
    raise head_call_error
  File "C:\Users\Vaishnavi\AppData\Local\Programs\Python\Python311\Lib\site-packages\huggingface_hub\file_download.py", line 1374, in _get_metadata_or_catch_error
    metadata = get_hf_file_metadata(
               ^^^^^^^^^^^^^^^^^^^^^
  File "C:\Users\Vaishnavi\AppData\Local\Programs\Python\Python311\Lib\site-packages\huggingface_hub\utils\_validators.py", line 114, in _inner_fn
    return fn(*args, **kwargs)
           ^^^^^^^^^^^^^^^^^^^
  File "C:\Users\Vaishnavi\AppData\Local\Programs\Python\Python311\Lib\site-packages\huggingface_hub\file_download.py", line 1294, in get_hf_file_metadata
    r = _request_wrapper(
        ^^^^^^^^^^^^^^^^^
  File "C:\Users\Vaishnavi\AppData\Local\Programs\Python\Python311\Lib\site-packages\huggingface_hub\file_download.py", line 278, in _request_wrapper
    response = _request_wrapper(
               ^^^^^^^^^^^^^^^^^
  File "C:\Users\Vaishnavi\AppData\Local\Programs\Python\Python311\Lib\site-packages\huggingface_hub\file_download.py", line 302, in _request_wrapper
    hf_raise_for_status(response)
  File "C:\Users\Vaishnavi\AppData\Local\Programs\Python\Python311\Lib\site-packages\huggingface_hub\utils\_http.py", line 423, in hf_raise_for_status
    raise _format(GatedRepoError, message, response) from e
huggingface_hub.errors.GatedRepoError: 401 Client Error. (Request ID: Root=1-67af7d2b-6c6b391c34e97ad1395103f5;44b62bc8-8fcc-4a1b-82bc-f7bd98a468b6)

Cannot access gated repo for url https://huggingface.co/meta-llama/Llama-2-7b-chat-hf/resolve/main/config.json.
Access to model meta-llama/Llama-2-7b-chat-hf is restricted. You must have access to it and be authenticated to access it. Please log in.

The above exception was the direct cause of the following exception:

Traceback (most recent call last):
  File "C:\Users\Vaishnavi\AppData\Local\Programs\Python\Python311\Lib\multiprocessing\process.py", line 314, in _bootstrap
    self.run()
  File "C:\Users\Vaishnavi\AppData\Local\Programs\Python\Python311\Lib\multiprocessing\process.py", line 108, in run
    self._target(*self._args, **self._kwargs)
  File "C:\Users\Vaishnavi\AppData\Local\Programs\Python\Python311\Lib\site-packages\uvicorn\_subprocess.py", line 80, in subprocess_started
    target(sockets=sockets)
  File "C:\Users\Vaishnavi\AppData\Local\Programs\Python\Python311\Lib\site-packages\uvicorn\server.py", line 66, in run
    return asyncio.run(self.serve(sockets=sockets))
           ^^^^^^^^^^^^^^^^^^^^^^^^^^^^^^^^^^^^^^^^
  File "C:\Users\Vaishnavi\AppData\Local\Programs\Python\Python311\Lib\asyncio\runners.py", line 190, in run
    return runner.run(main)
           ^^^^^^^^^^^^^^^^
  File "C:\Users\Vaishnavi\AppData\Local\Programs\Python\Python311\Lib\asyncio\runners.py", line 118, in run
    return self._loop.run_until_complete(task)
           ^^^^^^^^^^^^^^^^^^^^^^^^^^^^^^^^^^^
  File "C:\Users\Vaishnavi\AppData\Local\Programs\Python\Python311\Lib\asyncio\base_events.py", line 653, in run_until_complete
    return future.result()
           ^^^^^^^^^^^^^^^
  File "C:\Users\Vaishnavi\AppData\Local\Programs\Python\Python311\Lib\site-packages\uvicorn\server.py", line 70, in serve
    await self._serve(sockets)
  File "C:\Users\Vaishnavi\AppData\Local\Programs\Python\Python311\Lib\site-packages\uvicorn\server.py", line 77, in _serve
    config.load()
  File "C:\Users\Vaishnavi\AppData\Local\Programs\Python\Python311\Lib\site-packages\uvicorn\config.py", line 435, in load
    self.loaded_app = import_from_string(self.app)
                      ^^^^^^^^^^^^^^^^^^^^^^^^^^^^
  File "C:\Users\Vaishnavi\AppData\Local\Programs\Python\Python311\Lib\site-packages\uvicorn\importer.py", line 19, in import_from_string
    module = importlib.import_module(module_str)
             ^^^^^^^^^^^^^^^^^^^^^^^^^^^^^^^^^^^
  File "C:\Users\Vaishnavi\AppData\Local\Programs\Python\Python311\Lib\importlib\__init__.py", line 126, in import_module
    return _bootstrap._gcd_import(name[level:], package, level)
           ^^^^^^^^^^^^^^^^^^^^^^^^^^^^^^^^^^^^^^^^^^^^^^^^^^^^
  File "<frozen importlib._bootstrap>", line 1206, in _gcd_import
  File "<frozen importlib._bootstrap>", line 1178, in _find_and_load
  File "<frozen importlib._bootstrap>", line 1149, in _find_and_load_unlocked
  File "<frozen importlib._bootstrap>", line 690, in _load_unlocked
  File "<frozen importlib._bootstrap_external>", line 940, in exec_module
  File "<frozen importlib._bootstrap>", line 241, in _call_with_frames_removed
  File "D:\CC\backend\main.py", line 2, in <module>
    from services import get_insights
  File "D:\CC\backend\services.py", line 33, in <module>
    tokenizer = AutoTokenizer.from_pretrained(model_name)
                ^^^^^^^^^^^^^^^^^^^^^^^^^^^^^^^^^^^^^^^^^
  File "C:\Users\Vaishnavi\AppData\Local\Programs\Python\Python311\Lib\site-packages\transformers\models\auto\tokenization_auto.py", line 891, in from_pretrained
    config = AutoConfig.from_pretrained(
             ^^^^^^^^^^^^^^^^^^^^^^^^^^^
  File "C:\Users\Vaishnavi\AppData\Local\Programs\Python\Python311\Lib\site-packages\transformers\models\auto\configuration_auto.py", line 1054, in from_pretrained
    config_dict, unused_kwargs = PretrainedConfig.get_config_dict(pretrained_model_name_or_path, **kwargs)
                                 ^^^^^^^^^^^^^^^^^^^^^^^^^^^^^^^^^^^^^^^^^^^^^^^^^^^^^^^^^^^^^^^^^^^^^^^^^
  File "C:\Users\Vaishnavi\AppData\Local\Programs\Python\Python311\Lib\site-packages\transformers\configuration_utils.py", line 591, in get_config_dict
    config_dict, kwargs = cls._get_config_dict(pretrained_model_name_or_path, **kwargs)
                          ^^^^^^^^^^^^^^^^^^^^^^^^^^^^^^^^^^^^^^^^^^^^^^^^^^^^^^^^^^^^^
  File "C:\Users\Vaishnavi\AppData\Local\Programs\Python\Python311\Lib\site-packages\transformers\configuration_utils.py", line 650, in _get_config_dict
    resolved_config_file = cached_file(
                           ^^^^^^^^^^^^
  File "C:\Users\Vaishnavi\AppData\Local\Programs\Python\Python311\Lib\site-packages\transformers\utils\hub.py", line 421, in cached_file
    raise EnvironmentError(
OSError: You are trying to access a gated repo.
Make sure to have access to it at https://huggingface.co/meta-llama/Llama-2-7b-chat-hf.
401 Client Error. (Request ID: Root=1-67af7d2b-6c6b391c34e97ad1395103f5;44b62bc8-8fcc-4a1b-82bc-f7bd98a468b6)

Cannot access gated repo for url https://huggingface.co/meta-llama/Llama-2-7b-chat-hf/resolve/main/config.json.
Access to model meta-llama/Llama-2-7b-chat-hf is restricted. You must have access to it and be authenticated to access it. Please log in.
INFO:     Stopping reloader process [12992]

D:\CC\backend>

D:\CC\backend>

D:\CC\backend>uvicorn main:app --reload
INFO:     Will watch for changes in these directories: ['D:\\CC\\backend']
INFO:     Uvicorn running on http://127.0.0.1:8000 (Press CTRL+C to quit)
INFO:     Started reloader process [1756] using StatReload
Process SpawnProcess-1:
Traceback (most recent call last):
  File "C:\Users\Vaishnavi\AppData\Local\Programs\Python\Python311\Lib\site-packages\huggingface_hub\utils\_http.py", line 406, in hf_raise_for_status
    response.raise_for_status()
  File "C:\Users\Vaishnavi\AppData\Local\Programs\Python\Python311\Lib\site-packages\requests\models.py", line 1024, in raise_for_status
    raise HTTPError(http_error_msg, response=self)
requests.exceptions.HTTPError: 401 Client Error: Unauthorized for url: https://huggingface.co/meta-llama/Llama-2-7b-chat-hf/resolve/main/config.json

The above exception was the direct cause of the following exception:

Traceback (most recent call last):
  File "C:\Users\Vaishnavi\AppData\Local\Programs\Python\Python311\Lib\site-packages\transformers\utils\hub.py", line 403, in cached_file
    resolved_file = hf_hub_download(
                    ^^^^^^^^^^^^^^^^
  File "C:\Users\Vaishnavi\AppData\Local\Programs\Python\Python311\Lib\site-packages\huggingface_hub\utils\_validators.py", line 114, in _inner_fn
    return fn(*args, **kwargs)
           ^^^^^^^^^^^^^^^^^^^
  File "C:\Users\Vaishnavi\AppData\Local\Programs\Python\Python311\Lib\site-packages\huggingface_hub\file_download.py", line 860, in hf_hub_download
    return _hf_hub_download_to_cache_dir(
           ^^^^^^^^^^^^^^^^^^^^^^^^^^^^^^
  File "C:\Users\Vaishnavi\AppData\Local\Programs\Python\Python311\Lib\site-packages\huggingface_hub\file_download.py", line 967, in _hf_hub_download_to_cache_dir
    _raise_on_head_call_error(head_call_error, force_download, local_files_only)
  File "C:\Users\Vaishnavi\AppData\Local\Programs\Python\Python311\Lib\site-packages\huggingface_hub\file_download.py", line 1482, in _raise_on_head_call_error
    raise head_call_error
  File "C:\Users\Vaishnavi\AppData\Local\Programs\Python\Python311\Lib\site-packages\huggingface_hub\file_download.py", line 1374, in _get_metadata_or_catch_error
    metadata = get_hf_file_metadata(
               ^^^^^^^^^^^^^^^^^^^^^
  File "C:\Users\Vaishnavi\AppData\Local\Programs\Python\Python311\Lib\site-packages\huggingface_hub\utils\_validators.py", line 114, in _inner_fn
    return fn(*args, **kwargs)
           ^^^^^^^^^^^^^^^^^^^
  File "C:\Users\Vaishnavi\AppData\Local\Programs\Python\Python311\Lib\site-packages\huggingface_hub\file_download.py", line 1294, in get_hf_file_metadata
    r = _request_wrapper(
        ^^^^^^^^^^^^^^^^^
  File "C:\Users\Vaishnavi\AppData\Local\Programs\Python\Python311\Lib\site-packages\huggingface_hub\file_download.py", line 278, in _request_wrapper
    response = _request_wrapper(
               ^^^^^^^^^^^^^^^^^
  File "C:\Users\Vaishnavi\AppData\Local\Programs\Python\Python311\Lib\site-packages\huggingface_hub\file_download.py", line 302, in _request_wrapper
    hf_raise_for_status(response)
  File "C:\Users\Vaishnavi\AppData\Local\Programs\Python\Python311\Lib\site-packages\huggingface_hub\utils\_http.py", line 423, in hf_raise_for_status
    raise _format(GatedRepoError, message, response) from e
huggingface_hub.errors.GatedRepoError: 401 Client Error. (Request ID: Root=1-67af7d49-078ca3b7193c543639c444ee;97bedd16-ac43-48ab-9ea5-af65430b85c4)

Cannot access gated repo for url https://huggingface.co/meta-llama/Llama-2-7b-chat-hf/resolve/main/config.json.
Access to model meta-llama/Llama-2-7b-chat-hf is restricted. You must have access to it and be authenticated to access it. Please log in.

The above exception was the direct cause of the following exception:

Traceback (most recent call last):
  File "C:\Users\Vaishnavi\AppData\Local\Programs\Python\Python311\Lib\multiprocessing\process.py", line 314, in _bootstrap
    self.run()
  File "C:\Users\Vaishnavi\AppData\Local\Programs\Python\Python311\Lib\multiprocessing\process.py", line 108, in run
    self._target(*self._args, **self._kwargs)
  File "C:\Users\Vaishnavi\AppData\Local\Programs\Python\Python311\Lib\site-packages\uvicorn\_subprocess.py", line 80, in subprocess_started
    target(sockets=sockets)
  File "C:\Users\Vaishnavi\AppData\Local\Programs\Python\Python311\Lib\site-packages\uvicorn\server.py", line 66, in run
    return asyncio.run(self.serve(sockets=sockets))
           ^^^^^^^^^^^^^^^^^^^^^^^^^^^^^^^^^^^^^^^^
  File "C:\Users\Vaishnavi\AppData\Local\Programs\Python\Python311\Lib\asyncio\runners.py", line 190, in run
    return runner.run(main)
           ^^^^^^^^^^^^^^^^
  File "C:\Users\Vaishnavi\AppData\Local\Programs\Python\Python311\Lib\asyncio\runners.py", line 118, in run
    return self._loop.run_until_complete(task)
           ^^^^^^^^^^^^^^^^^^^^^^^^^^^^^^^^^^^
  File "C:\Users\Vaishnavi\AppData\Local\Programs\Python\Python311\Lib\asyncio\base_events.py", line 653, in run_until_complete
    return future.result()
           ^^^^^^^^^^^^^^^
  File "C:\Users\Vaishnavi\AppData\Local\Programs\Python\Python311\Lib\site-packages\uvicorn\server.py", line 70, in serve
    await self._serve(sockets)
  File "C:\Users\Vaishnavi\AppData\Local\Programs\Python\Python311\Lib\site-packages\uvicorn\server.py", line 77, in _serve
    config.load()
  File "C:\Users\Vaishnavi\AppData\Local\Programs\Python\Python311\Lib\site-packages\uvicorn\config.py", line 435, in load
    self.loaded_app = import_from_string(self.app)
                      ^^^^^^^^^^^^^^^^^^^^^^^^^^^^
  File "C:\Users\Vaishnavi\AppData\Local\Programs\Python\Python311\Lib\site-packages\uvicorn\importer.py", line 19, in import_from_string
    module = importlib.import_module(module_str)
             ^^^^^^^^^^^^^^^^^^^^^^^^^^^^^^^^^^^
  File "C:\Users\Vaishnavi\AppData\Local\Programs\Python\Python311\Lib\importlib\__init__.py", line 126, in import_module
    return _bootstrap._gcd_import(name[level:], package, level)
           ^^^^^^^^^^^^^^^^^^^^^^^^^^^^^^^^^^^^^^^^^^^^^^^^^^^^
  File "<frozen importlib._bootstrap>", line 1206, in _gcd_import
  File "<frozen importlib._bootstrap>", line 1178, in _find_and_load
  File "<frozen importlib._bootstrap>", line 1149, in _find_and_load_unlocked
  File "<frozen importlib._bootstrap>", line 690, in _load_unlocked
  File "<frozen importlib._bootstrap_external>", line 940, in exec_module
  File "<frozen importlib._bootstrap>", line 241, in _call_with_frames_removed
  File "D:\CC\backend\main.py", line 2, in <module>
    from services import get_insights
  File "D:\CC\backend\services.py", line 33, in <module>
    tokenizer = AutoTokenizer.from_pretrained(model_name)
                ^^^^^^^^^^^^^^^^^^^^^^^^^^^^^^^^^^^^^^^^^
  File "C:\Users\Vaishnavi\AppData\Local\Programs\Python\Python311\Lib\site-packages\transformers\models\auto\tokenization_auto.py", line 891, in from_pretrained
    config = AutoConfig.from_pretrained(
             ^^^^^^^^^^^^^^^^^^^^^^^^^^^
  File "C:\Users\Vaishnavi\AppData\Local\Programs\Python\Python311\Lib\site-packages\transformers\models\auto\configuration_auto.py", line 1054, in from_pretrained
    config_dict, unused_kwargs = PretrainedConfig.get_config_dict(pretrained_model_name_or_path, **kwargs)
                                 ^^^^^^^^^^^^^^^^^^^^^^^^^^^^^^^^^^^^^^^^^^^^^^^^^^^^^^^^^^^^^^^^^^^^^^^^^
  File "C:\Users\Vaishnavi\AppData\Local\Programs\Python\Python311\Lib\site-packages\transformers\configuration_utils.py", line 591, in get_config_dict
    config_dict, kwargs = cls._get_config_dict(pretrained_model_name_or_path, **kwargs)
                          ^^^^^^^^^^^^^^^^^^^^^^^^^^^^^^^^^^^^^^^^^^^^^^^^^^^^^^^^^^^^^
  File "C:\Users\Vaishnavi\AppData\Local\Programs\Python\Python311\Lib\site-packages\transformers\configuration_utils.py", line 650, in _get_config_dict
    resolved_config_file = cached_file(
                           ^^^^^^^^^^^^
  File "C:\Users\Vaishnavi\AppData\Local\Programs\Python\Python311\Lib\site-packages\transformers\utils\hub.py", line 421, in cached_file
    raise EnvironmentError(
OSError: You are trying to access a gated repo.
Make sure to have access to it at https://huggingface.co/meta-llama/Llama-2-7b-chat-hf.
401 Client Error. (Request ID: Root=1-67af7d49-078ca3b7193c543639c444ee;97bedd16-ac43-48ab-9ea5-af65430b85c4)

Cannot access gated repo for url https://huggingface.co/meta-llama/Llama-2-7b-chat-hf/resolve/main/config.json.
Access to model meta-llama/Llama-2-7b-chat-hf is restricted. You must have access to it and be authenticated to access it. Please log in.
INFO:     Stopping reloader process [1756]

D:\CC\backend>

D:\CC\backend>uvicorn main:app --reload
INFO:     Will watch for changes in these directories: ['D:\\CC\\backend']
INFO:     Uvicorn running on http://127.0.0.1:8000 (Press CTRL+C to quit)
INFO:     Started reloader process [17352] using StatReload
tokenizer_config.json: 100%|██████████████████| 2.54k/2.54k [00:00<?, ?B/s]
C:\Users\Vaishnavi\AppData\Local\Programs\Python\Python311\Lib\site-packages\huggingface_hub\file_download.py:140: UserWarning: `huggingface_hub` cache-system uses symlinks by default to efficiently store duplicated files but your machine does not support them in C:\Users\Vaishnavi\.cache\huggingface\hub\models--google--flan-t5-small. Caching files will still work but in a degraded version that might require more space on your disk. This warning can be disabled by setting the `HF_HUB_DISABLE_SYMLINKS_WARNING` environment variable. For more details, see https://huggingface.co/docs/huggingface_hub/how-to-cache#limitations.
To support symlinks on Windows, you either need to activate Developer Mode or to run Python as an administrator. In order to activate developer mode, see this article: https://docs.microsoft.com/en-us/windows/apps/get-started/enable-your-device-for-development
  warnings.warn(message)
spiece.model: 100%|█████████████████████| 792k/792k [00:00<00:00, 5.34MB/s]
tokenizer.json: 100%|█████████████████| 2.42M/2.42M [00:00<00:00, 4.19MB/s]
special_tokens_map.json: 100%|████████| 2.20k/2.20k [00:00<00:00, 2.21MB/s]
config.json: 100%|████████████████████████████| 1.40k/1.40k [00:00<?, ?B/s]
Process SpawnProcess-1:
Traceback (most recent call last):
  File "C:\Users\Vaishnavi\AppData\Local\Programs\Python\Python311\Lib\multiprocessing\process.py", line 314, in _bootstrap
    self.run()
  File "C:\Users\Vaishnavi\AppData\Local\Programs\Python\Python311\Lib\multiprocessing\process.py", line 108, in run
    self._target(*self._args, **self._kwargs)
  File "C:\Users\Vaishnavi\AppData\Local\Programs\Python\Python311\Lib\site-packages\uvicorn\_subprocess.py", line 80, in subprocess_started
    target(sockets=sockets)
  File "C:\Users\Vaishnavi\AppData\Local\Programs\Python\Python311\Lib\site-packages\uvicorn\server.py", line 66, in run
    return asyncio.run(self.serve(sockets=sockets))
           ^^^^^^^^^^^^^^^^^^^^^^^^^^^^^^^^^^^^^^^^
  File "C:\Users\Vaishnavi\AppData\Local\Programs\Python\Python311\Lib\asyncio\runners.py", line 190, in run
    return runner.run(main)
           ^^^^^^^^^^^^^^^^
  File "C:\Users\Vaishnavi\AppData\Local\Programs\Python\Python311\Lib\asyncio\runners.py", line 118, in run
    return self._loop.run_until_complete(task)
           ^^^^^^^^^^^^^^^^^^^^^^^^^^^^^^^^^^^
  File "C:\Users\Vaishnavi\AppData\Local\Programs\Python\Python311\Lib\asyncio\base_events.py", line 653, in run_until_complete
    return future.result()
           ^^^^^^^^^^^^^^^
  File "C:\Users\Vaishnavi\AppData\Local\Programs\Python\Python311\Lib\site-packages\uvicorn\server.py", line 70, in serve
    await self._serve(sockets)
  File "C:\Users\Vaishnavi\AppData\Local\Programs\Python\Python311\Lib\site-packages\uvicorn\server.py", line 77, in _serve
    config.load()
  File "C:\Users\Vaishnavi\AppData\Local\Programs\Python\Python311\Lib\site-packages\uvicorn\config.py", line 435, in load
    self.loaded_app = import_from_string(self.app)
                      ^^^^^^^^^^^^^^^^^^^^^^^^^^^^
  File "C:\Users\Vaishnavi\AppData\Local\Programs\Python\Python311\Lib\site-packages\uvicorn\importer.py", line 19, in import_from_string
    module = importlib.import_module(module_str)
             ^^^^^^^^^^^^^^^^^^^^^^^^^^^^^^^^^^^
  File "C:\Users\Vaishnavi\AppData\Local\Programs\Python\Python311\Lib\importlib\__init__.py", line 126, in import_module
    return _bootstrap._gcd_import(name[level:], package, level)
           ^^^^^^^^^^^^^^^^^^^^^^^^^^^^^^^^^^^^^^^^^^^^^^^^^^^^
  File "<frozen importlib._bootstrap>", line 1206, in _gcd_import
  File "<frozen importlib._bootstrap>", line 1178, in _find_and_load
  File "<frozen importlib._bootstrap>", line 1149, in _find_and_load_unlocked
  File "<frozen importlib._bootstrap>", line 690, in _load_unlocked
  File "<frozen importlib._bootstrap_external>", line 940, in exec_module
  File "<frozen importlib._bootstrap>", line 241, in _call_with_frames_removed
  File "D:\CC\backend\main.py", line 2, in <module>
    from services import get_insights
  File "D:\CC\backend\services.py", line 35, in <module>
    model = AutoModelForCausalLM.from_pretrained(model_name, torch_dtype=torch.float16, device_map="auto")
            ^^^^^^^^^^^^^^^^^^^^^^^^^^^^^^^^^^^^^^^^^^^^^^^^^^^^^^^^^^^^^^^^^^^^^^^^^^^^^^^^^^^^^^^^^^^^^^
  File "C:\Users\Vaishnavi\AppData\Local\Programs\Python\Python311\Lib\site-packages\transformers\models\auto\auto_factory.py", line 567, in from_pretrained
    raise ValueError(
ValueError: Unrecognized configuration class <class 'transformers.models.t5.configuration_t5.T5Config'> for this kind of AutoModel: AutoModelForCausalLM.
Model type should be one of AriaTextConfig, BambaConfig, BartConfig, BertConfig, BertGenerationConfig, BigBirdConfig, BigBirdPegasusConfig, BioGptConfig, BlenderbotConfig, BlenderbotSmallConfig, BloomConfig, CamembertConfig, LlamaConfig, CodeGenConfig, CohereConfig, Cohere2Config, CpmAntConfig, CTRLConfig, Data2VecTextConfig, DbrxConfig, DiffLlamaConfig, ElectraConfig, Emu3Config, ErnieConfig, FalconConfig, FalconMambaConfig, FuyuConfig, GemmaConfig, Gemma2Config, GitConfig, GlmConfig, GPT2Config, GPT2Config, GPTBigCodeConfig, GPTNeoConfig, GPTNeoXConfig, GPTNeoXJapaneseConfig, GPTJConfig, GraniteConfig, GraniteMoeConfig, JambaConfig, JetMoeConfig, LlamaConfig, MambaConfig, Mamba2Config, MarianConfig, MBartConfig, MegaConfig, MegatronBertConfig, MistralConfig, MixtralConfig, MllamaConfig, MoshiConfig, MptConfig, MusicgenConfig, MusicgenMelodyConfig, MvpConfig, NemotronConfig, OlmoConfig, Olmo2Config, OlmoeConfig, OpenLlamaConfig, OpenAIGPTConfig, OPTConfig, PegasusConfig, PersimmonConfig, PhiConfig, Phi3Config, PhimoeConfig, PLBartConfig, ProphetNetConfig, QDQBertConfig, Qwen2Config, Qwen2MoeConfig, RecurrentGemmaConfig, ReformerConfig, RemBertConfig, RobertaConfig, RobertaPreLayerNormConfig, RoCBertConfig, RoFormerConfig, RwkvConfig, Speech2Text2Config, StableLmConfig, Starcoder2Config, TransfoXLConfig, TrOCRConfig, WhisperConfig, XGLMConfig, XLMConfig, XLMProphetNetConfig, XLMRobertaConfig, XLMRobertaXLConfig, XLNetConfig, XmodConfig, ZambaConfig.
WARNING:  StatReload detected changes in 'services.py'. Reloading...
2025-02-14 17:34:45.569734: I tensorflow/core/util/port.cc:153] oneDNN custom operations are on. You may see slightly different numerical results due to floating-point round-off errors from different computation orders. To turnthem off, set the environment variable `TF_ENABLE_ONEDNN_OPTS=0`.
2025-02-14 17:35:03.917345: I tensorflow/core/util/port.cc:153] oneDNN custom operations are on. You may see slightly different numerical results due to floating-point round-off errors from different computation orders. To turnthem off, set the environment variable `TF_ENABLE_ONEDNN_OPTS=0`.
Process SpawnProcess-2:
Traceback (most recent call last):
  File "C:\Users\Vaishnavi\AppData\Local\Programs\Python\Python311\Lib\multiprocessing\process.py", line 314, in _bootstrap
    self.run()
  File "C:\Users\Vaishnavi\AppData\Local\Programs\Python\Python311\Lib\multiprocessing\process.py", line 108, in run
    self._target(*self._args, **self._kwargs)
  File "C:\Users\Vaishnavi\AppData\Local\Programs\Python\Python311\Lib\site-packages\uvicorn\_subprocess.py", line 80, in subprocess_started
    target(sockets=sockets)
  File "C:\Users\Vaishnavi\AppData\Local\Programs\Python\Python311\Lib\site-packages\uvicorn\server.py", line 66, in run
    return asyncio.run(self.serve(sockets=sockets))
           ^^^^^^^^^^^^^^^^^^^^^^^^^^^^^^^^^^^^^^^^
  File "C:\Users\Vaishnavi\AppData\Local\Programs\Python\Python311\Lib\asyncio\runners.py", line 190, in run
    return runner.run(main)
           ^^^^^^^^^^^^^^^^
  File "C:\Users\Vaishnavi\AppData\Local\Programs\Python\Python311\Lib\asyncio\runners.py", line 118, in run
    return self._loop.run_until_complete(task)
           ^^^^^^^^^^^^^^^^^^^^^^^^^^^^^^^^^^^
  File "C:\Users\Vaishnavi\AppData\Local\Programs\Python\Python311\Lib\asyncio\base_events.py", line 653, in run_until_complete
    return future.result()
           ^^^^^^^^^^^^^^^
  File "C:\Users\Vaishnavi\AppData\Local\Programs\Python\Python311\Lib\site-packages\uvicorn\server.py", line 70, in serve
    await self._serve(sockets)
  File "C:\Users\Vaishnavi\AppData\Local\Programs\Python\Python311\Lib\site-packages\uvicorn\server.py", line 77, in _serve
    config.load()
  File "C:\Users\Vaishnavi\AppData\Local\Programs\Python\Python311\Lib\site-packages\uvicorn\config.py", line 435, in load
    self.loaded_app = import_from_string(self.app)
                      ^^^^^^^^^^^^^^^^^^^^^^^^^^^^
  File "C:\Users\Vaishnavi\AppData\Local\Programs\Python\Python311\Lib\site-packages\uvicorn\importer.py", line 19, in import_from_string
    module = importlib.import_module(module_str)
             ^^^^^^^^^^^^^^^^^^^^^^^^^^^^^^^^^^^
  File "C:\Users\Vaishnavi\AppData\Local\Programs\Python\Python311\Lib\importlib\__init__.py", line 126, in import_module
    return _bootstrap._gcd_import(name[level:], package, level)
           ^^^^^^^^^^^^^^^^^^^^^^^^^^^^^^^^^^^^^^^^^^^^^^^^^^^^
  File "<frozen importlib._bootstrap>", line 1206, in _gcd_import
  File "<frozen importlib._bootstrap>", line 1178, in _find_and_load
  File "<frozen importlib._bootstrap>", line 1149, in _find_and_load_unlocked
  File "<frozen importlib._bootstrap>", line 690, in _load_unlocked
  File "<frozen importlib._bootstrap_external>", line 940, in exec_module
  File "<frozen importlib._bootstrap>", line 241, in _call_with_frames_removed
  File "D:\CC\backend\main.py", line 2, in <module>
    from services import get_insights
  File "D:\CC\backend\services.py", line 58, in <module>
    model = AutoModelForSeq2SeqLM.from_pretrained(model_name, torch_dtype=torch.float16, device_map="auto")
            ^^^^^^^^^^^^^^^^^^^^^^^^^^^^^^^^^^^^^^^^^^^^^^^^^^^^^^^^^^^^^^^^^^^^^^^^^^^^^^^^^^^^^^^^^^^^^^^
  File "C:\Users\Vaishnavi\AppData\Local\Programs\Python\Python311\Lib\site-packages\transformers\models\auto\auto_factory.py", line 564, in from_pretrained
    return model_class.from_pretrained(
           ^^^^^^^^^^^^^^^^^^^^^^^^^^^^
  File "C:\Users\Vaishnavi\AppData\Local\Programs\Python\Python311\Lib\site-packages\transformers\modeling_utils.py", line 3535, in from_pretrained
    raise ImportError(
ImportError: Using `low_cpu_mem_usage=True` or a `device_map` requires Accelerate: `pip install 'accelerate>=0.26.0'`
INFO:     Stopping reloader process [17352]

D:\CC\backend>

D:\CC\backend>

D:\CC\backend>uvicorn main:app --reload
INFO:     Will watch for changes in these directories: ['D:\\CC\\backend']
INFO:     Uvicorn running on http://127.0.0.1:8000 (Press CTRL+C to quit)
INFO:     Started reloader process [280] using StatReload
2025-02-14 17:36:06.976309: I tensorflow/core/util/port.cc:153] oneDNN custom operations are on. You may see slightly different numerical results due to floating-point round-off errors from different computation orders. To turnthem off, set the environment variable `TF_ENABLE_ONEDNN_OPTS=0`.
2025-02-14 17:36:10.304937: I tensorflow/core/util/port.cc:153] oneDNN custom operations are on. You may see slightly different numerical results due to floating-point round-off errors from different computation orders. To turnthem off, set the environment variable `TF_ENABLE_ONEDNN_OPTS=0`.
Process SpawnProcess-1:
Traceback (most recent call last):
  File "C:\Users\Vaishnavi\AppData\Local\Programs\Python\Python311\Lib\multiprocessing\process.py", line 314, in _bootstrap
    self.run()
  File "C:\Users\Vaishnavi\AppData\Local\Programs\Python\Python311\Lib\multiprocessing\process.py", line 108, in run
    self._target(*self._args, **self._kwargs)
  File "C:\Users\Vaishnavi\AppData\Local\Programs\Python\Python311\Lib\site-packages\uvicorn\_subprocess.py", line 80, in subprocess_started
    target(sockets=sockets)
  File "C:\Users\Vaishnavi\AppData\Local\Programs\Python\Python311\Lib\site-packages\uvicorn\server.py", line 66, in run
    return asyncio.run(self.serve(sockets=sockets))
           ^^^^^^^^^^^^^^^^^^^^^^^^^^^^^^^^^^^^^^^^
  File "C:\Users\Vaishnavi\AppData\Local\Programs\Python\Python311\Lib\asyncio\runners.py", line 190, in run
    return runner.run(main)
           ^^^^^^^^^^^^^^^^
  File "C:\Users\Vaishnavi\AppData\Local\Programs\Python\Python311\Lib\asyncio\runners.py", line 118, in run
    return self._loop.run_until_complete(task)
           ^^^^^^^^^^^^^^^^^^^^^^^^^^^^^^^^^^^
  File "C:\Users\Vaishnavi\AppData\Local\Programs\Python\Python311\Lib\asyncio\base_events.py", line 653, in run_until_complete
    return future.result()
           ^^^^^^^^^^^^^^^
  File "C:\Users\Vaishnavi\AppData\Local\Programs\Python\Python311\Lib\site-packages\uvicorn\server.py", line 70, in serve
    await self._serve(sockets)
  File "C:\Users\Vaishnavi\AppData\Local\Programs\Python\Python311\Lib\site-packages\uvicorn\server.py", line 77, in _serve
    config.load()
  File "C:\Users\Vaishnavi\AppData\Local\Programs\Python\Python311\Lib\site-packages\uvicorn\config.py", line 435, in load
    self.loaded_app = import_from_string(self.app)
                      ^^^^^^^^^^^^^^^^^^^^^^^^^^^^
  File "C:\Users\Vaishnavi\AppData\Local\Programs\Python\Python311\Lib\site-packages\uvicorn\importer.py", line 19, in import_from_string
    module = importlib.import_module(module_str)
             ^^^^^^^^^^^^^^^^^^^^^^^^^^^^^^^^^^^
  File "C:\Users\Vaishnavi\AppData\Local\Programs\Python\Python311\Lib\importlib\__init__.py", line 126, in import_module
    return _bootstrap._gcd_import(name[level:], package, level)
           ^^^^^^^^^^^^^^^^^^^^^^^^^^^^^^^^^^^^^^^^^^^^^^^^^^^^
  File "<frozen importlib._bootstrap>", line 1206, in _gcd_import
  File "<frozen importlib._bootstrap>", line 1178, in _find_and_load
  File "<frozen importlib._bootstrap>", line 1149, in _find_and_load_unlocked
  File "<frozen importlib._bootstrap>", line 690, in _load_unlocked
  File "<frozen importlib._bootstrap_external>", line 940, in exec_module
  File "<frozen importlib._bootstrap>", line 241, in _call_with_frames_removed
  File "D:\CC\backend\main.py", line 2, in <module>
    from services import get_insights
  File "D:\CC\backend\services.py", line 58, in <module>
    model = AutoModelForSeq2SeqLM.from_pretrained(model_name, torch_dtype=torch.float16, device_map="auto")
            ^^^^^^^^^^^^^^^^^^^^^^^^^^^^^^^^^^^^^^^^^^^^^^^^^^^^^^^^^^^^^^^^^^^^^^^^^^^^^^^^^^^^^^^^^^^^^^^
  File "C:\Users\Vaishnavi\AppData\Local\Programs\Python\Python311\Lib\site-packages\transformers\models\auto\auto_factory.py", line 564, in from_pretrained
    return model_class.from_pretrained(
           ^^^^^^^^^^^^^^^^^^^^^^^^^^^^
  File "C:\Users\Vaishnavi\AppData\Local\Programs\Python\Python311\Lib\site-packages\transformers\modeling_utils.py", line 3535, in from_pretrained
    raise ImportError(
ImportError: Using `low_cpu_mem_usage=True` or a `device_map` requires Accelerate: `pip install 'accelerate>=0.26.0'`
INFO:     Stopping reloader process [280]

D:\CC\backend>pip install accelerate
Collecting accelerate
  Downloading accelerate-1.3.0-py3-none-any.whl.metadata (19 kB)
Requirement already satisfied: numpy<3.0.0,>=1.17 in c:\users\vaishnavi\appdata\local\programs\python\python311\lib\site-packages (from accelerate) (1.26.4)
Requirement already satisfied: packaging>=20.0 in c:\users\vaishnavi\appdata\roaming\python\python311\site-packages (from accelerate) (23.2)
Requirement already satisfied: psutil in c:\users\vaishnavi\appdata\local\programs\python\python311\lib\site-packages (from accelerate) (5.9.5)
Requirement already satisfied: pyyaml in c:\users\vaishnavi\appdata\local\programs\python\python311\lib\site-packages (from accelerate) (6.0)
Requirement already satisfied: torch>=2.0.0 in c:\users\vaishnavi\appdata\local\programs\python\python311\lib\site-packages (from accelerate) (2.5.1)
Requirement already satisfied: huggingface-hub>=0.21.0 in c:\users\vaishnavi\appdata\local\programs\python\python311\lib\site-packages (from accelerate) (0.28.1)
Requirement already satisfied: safetensors>=0.4.3 in c:\users\vaishnavi\appdata\local\programs\python\python311\lib\site-packages (from accelerate) (0.5.2)
Requirement already satisfied: filelock in c:\users\vaishnavi\appdata\local\programs\python\python311\lib\site-packages (from huggingface-hub>=0.21.0->accelerate) (3.16.1)
Requirement already satisfied: fsspec>=2023.5.0 in c:\users\vaishnavi\appdata\local\programs\python\python311\lib\site-packages (from huggingface-hub>=0.21.0->accelerate) (2024.10.0)
Requirement already satisfied: requests in c:\users\vaishnavi\appdata\local\programs\python\python311\lib\site-packages (from huggingface-hub>=0.21.0->accelerate) (2.32.3)
Requirement already satisfied: tqdm>=4.42.1 in c:\users\vaishnavi\appdata\local\programs\python\python311\lib\site-packages (from huggingface-hub>=0.21.0->accelerate) (4.66.5)
Requirement already satisfied: typing-extensions>=3.7.4.3 in c:\users\vaishnavi\appdata\local\programs\python\python311\lib\site-packages (from huggingface-hub>=0.21.0->accelerate) (4.12.2)
Requirement already satisfied: networkx in c:\users\vaishnavi\appdata\local\programs\python\python311\lib\site-packages (from torch>=2.0.0->accelerate)(3.3)
Requirement already satisfied: jinja2 in c:\users\vaishnavi\appdata\local\programs\python\python311\lib\site-packages (from torch>=2.0.0->accelerate) (3.1.2)
Requirement already satisfied: sympy==1.13.1 in c:\users\vaishnavi\appdata\local\programs\python\python311\lib\site-packages (from torch>=2.0.0->accelerate) (1.13.1)
Requirement already satisfied: mpmath<1.4,>=1.1.0 in c:\users\vaishnavi\appdata\local\programs\python\python311\lib\site-packages (from sympy==1.13.1->torch>=2.0.0->accelerate) (1.3.0)
Requirement already satisfied: colorama in c:\users\vaishnavi\appdata\local\programs\python\python311\lib\site-packages (from tqdm>=4.42.1->huggingface-hub>=0.21.0->accelerate) (0.4.6)
Requirement already satisfied: MarkupSafe>=2.0 in c:\users\vaishnavi\appdata\local\programs\python\python311\lib\site-packages (from jinja2->torch>=2.0.0->accelerate) (2.1.5)
Requirement already satisfied: charset-normalizer<4,>=2 in c:\users\vaishnavi\appdata\local\programs\python\python311\lib\site-packages (from requests->huggingface-hub>=0.21.0->accelerate) (3.3.2)
Requirement already satisfied: idna<4,>=2.5 in c:\users\vaishnavi\appdata\local\programs\python\python311\lib\site-packages (from requests->huggingface-hub>=0.21.0->accelerate) (3.10)
Requirement already satisfied: urllib3<3,>=1.21.1 in c:\users\vaishnavi\appdata\local\programs\python\python311\lib\site-packages (from requests->huggingface-hub>=0.21.0->accelerate) (1.26.20)
Requirement already satisfied: certifi>=2017.4.17 in c:\users\vaishnavi\appdata\local\programs\python\python311\lib\site-packages (from requests->huggingface-hub>=0.21.0->accelerate) (2024.8.30)
Downloading accelerate-1.3.0-py3-none-any.whl (336 kB)
Installing collected packages: accelerate
Successfully installed accelerate-1.3.0

[notice] A new release of pip is available: 24.2 -> 25.0.1
[notice] To update, run: C:\Users\Vaishnavi\AppData\Local\Programs\Python\Python311\python.exe -m pip install --upgrade pip

D:\CC\backend>uvicorn main:app --reload
INFO:     Will watch for changes in these directories: ['D:\\CC\\backend']
INFO:     Uvicorn running on http://127.0.0.1:8000 (Press CTRL+C to quit)
INFO:     Started reloader process [22448] using StatReload
2025-02-14 17:37:46.988771: I tensorflow/core/util/port.cc:153] oneDNN custom operations are on. You may see slightly different numerical results due to floating-point round-off errors from different computation orders. To turnthem off, set the environment variable `TF_ENABLE_ONEDNN_OPTS=0`.
2025-02-14 17:37:49.385545: I tensorflow/core/util/port.cc:153] oneDNN custom operations are on. You may see slightly different numerical results due to floating-point round-off errors from different computation orders. To turnthem off, set the environment variable `TF_ENABLE_ONEDNN_OPTS=0`.
model.safetensors: 100%|████████████████| 308M/308M [00:17<00:00, 17.3MB/s]
C:\Users\Vaishnavi\AppData\Local\Programs\Python\Python311\Lib\site-packages\huggingface_hub\file_download.py:140: UserWarning: `huggingface_hub` cache-system uses symlinks by default to efficiently store duplicated files but your machine does not support them in C:\Users\Vaishnavi\.cache\huggingface\hub\models--google--flan-t5-small. Caching files will still work but in a degraded version that might require more space on your disk. This warning can be disabled by setting the `HF_HUB_DISABLE_SYMLINKS_WARNING` environment variable. For more details, see https://huggingface.co/docs/huggingface_hub/how-to-cache#limitations.
To support symlinks on Windows, you either need to activate Developer Mode or to run Python as an administrator. In order to activate developer mode, see this article: https://docs.microsoft.com/en-us/windows/apps/get-started/enable-your-device-for-development
  warnings.warn(message)
generation_config.json: 100%|█████████████████████| 147/147 [00:00<?, ?B/s]
INFO:     Started server process [14028]
INFO:     Waiting for application startup.
INFO:     Application startup complete.
INFO:     127.0.0.1:62421 - "POST /upload/ HTTP/1.1" 200 OK
INFO:     127.0.0.1:62422 - "GET /reports/ HTTP/1.1" 200 OK
INFO:     127.0.0.1:62423 - "POST /query/ HTTP/1.1" 200 OK
